Component: ARM Compiler 5.06 update 6 (build 750) Tool: armlink [4d35ed]

==============================================================================

Section Cross References

    system.o(i.SysTick_Handler) refers to port.o(i.OS_SysTick_Handler) for OS_SysTick_Handler
    system.o(i.delay) refers to tasks.o(i.vTaskDelay) for vTaskDelay
    nested_interrupt.o(i.EXTI0_IRQHandler) refers to nested_interrupt.o(i.vPrintString) for vPrintString
    nested_interrupt.o(i.EXTI0_IRQHandler) refers to queue.o(i.xQueueGenericSendFromISR) for xQueueGenericSendFromISR
    nested_interrupt.o(i.EXTI0_IRQHandler) refers to nested_interrupt.o(.data) for xQueue
    nested_interrupt.o(i.EXTI15_10_IRQHandler) refers to nested_interrupt.o(i.vPrintString) for vPrintString
    nested_interrupt.o(i.EXTI15_10_IRQHandler) refers to queue.o(i.xQueueGenericSendFromISR) for xQueueGenericSendFromISR
    nested_interrupt.o(i.EXTI15_10_IRQHandler) refers to nested_interrupt.o(.data) for xQueue
    nested_interrupt.o(i.main) refers to system_stm32f4xx.o(i.SystemInit) for SystemInit
    nested_interrupt.o(i.main) refers to nested_interrupt.o(i.configureEXTILines) for configureEXTILines
    nested_interrupt.o(i.main) refers to queue.o(i.xQueueGenericCreate) for xQueueGenericCreate
    nested_interrupt.o(i.main) refers to nested_interrupt.o(i.vPrintString) for vPrintString
    nested_interrupt.o(i.main) refers to tasks.o(i.xTaskCreate) for xTaskCreate
    nested_interrupt.o(i.main) refers to nested_interrupt.o(i.__NVIC_SetPriority) for __NVIC_SetPriority
    nested_interrupt.o(i.main) refers to nested_interrupt.o(i.__NVIC_EnableIRQ) for __NVIC_EnableIRQ
    nested_interrupt.o(i.main) refers to tasks.o(i.vTaskStartScheduler) for vTaskStartScheduler
    nested_interrupt.o(i.main) refers to nested_interrupt.o(.data) for xQueue
    nested_interrupt.o(i.main) refers to nested_interrupt.o(i.vPrintTask) for vPrintTask
    nested_interrupt.o(i.vPrintString) refers to vprintf.o(.text) for vprintf
    nested_interrupt.o(i.vPrintString) refers to fflush.o(.text) for fflush
    nested_interrupt.o(i.vPrintString) refers to stdio_streams.o(.bss) for __stdout
    nested_interrupt.o(i.vPrintTask) refers to queue.o(i.xQueueReceive) for xQueueReceive
    nested_interrupt.o(i.vPrintTask) refers to nested_interrupt.o(i.vPrintString) for vPrintString
    nested_interrupt.o(i.vPrintTask) refers to nested_interrupt.o(.data) for xQueue
    retarget_io.o(i.ITM_ReceiveChar) refers to retarget_io.o(.data) for ITM_RxBuffer
    retarget_io.o(i._sys_open) refers to strcmpv7m.o(.text) for strcmp
    retarget_io.o(i._sys_write) refers to retarget_io.o(i.stdout_putchar) for stdout_putchar
    retarget_io.o(i.stdout_putchar) refers to retarget_io.o(i.ITM_SendChar) for ITM_SendChar
    startup_stm32f411xe.o(STACK) refers (Special) to heapauxi.o(.text) for __use_two_region_memory
    startup_stm32f411xe.o(HEAP) refers (Special) to heapauxi.o(.text) for __use_two_region_memory
    startup_stm32f411xe.o(RESET) refers (Special) to heapauxi.o(.text) for __use_two_region_memory
    startup_stm32f411xe.o(RESET) refers to startup_stm32f411xe.o(STACK) for __initial_sp
    startup_stm32f411xe.o(RESET) refers to startup_stm32f411xe.o(.text) for Reset_Handler
    startup_stm32f411xe.o(RESET) refers to port.o(.emb_text) for SVC_Handler
    startup_stm32f411xe.o(RESET) refers to system.o(i.SysTick_Handler) for SysTick_Handler
    startup_stm32f411xe.o(RESET) refers to nested_interrupt.o(i.EXTI0_IRQHandler) for EXTI0_IRQHandler
    startup_stm32f411xe.o(RESET) refers to nested_interrupt.o(i.EXTI15_10_IRQHandler) for EXTI15_10_IRQHandler
    startup_stm32f411xe.o(.text) refers (Special) to heapauxi.o(.text) for __use_two_region_memory
    startup_stm32f411xe.o(.text) refers to system_stm32f4xx.o(i.SystemInit) for SystemInit
    startup_stm32f411xe.o(.text) refers to __main.o(!!!main) for __main
    startup_stm32f411xe.o(.text) refers to startup_stm32f411xe.o(HEAP) for Heap_Mem
    startup_stm32f411xe.o(.text) refers to startup_stm32f411xe.o(STACK) for Stack_Mem
    system_stm32f4xx.o(i.SystemCoreClockUpdate) refers to system_stm32f4xx.o(.data) for SystemCoreClock
    system_stm32f4xx.o(i.SystemCoreClockUpdate) refers to system_stm32f4xx.o(.constdata) for AHBPrescTable
    event_groups.o(i.vEventGroupClearBitsCallback) refers to event_groups.o(i.xEventGroupClearBits) for xEventGroupClearBits
    event_groups.o(i.vEventGroupDelete) refers to tasks.o(i.vTaskSuspendAll) for vTaskSuspendAll
    event_groups.o(i.vEventGroupDelete) refers to tasks.o(i.vTaskRemoveFromUnorderedEventList) for vTaskRemoveFromUnorderedEventList
    event_groups.o(i.vEventGroupDelete) refers to heap_4.o(i.vPortFree) for vPortFree
    event_groups.o(i.vEventGroupDelete) refers to tasks.o(i.xTaskResumeAll) for xTaskResumeAll
    event_groups.o(i.vEventGroupSetBitsCallback) refers to event_groups.o(i.xEventGroupSetBits) for xEventGroupSetBits
[...]
    i.xQueueGenericReset                     0x08003f14   Section        0  queue.o(i.xQueueGenericReset)
    i.xQueueGenericSend                      0x08003fac   Section        0  queue.o(i.xQueueGenericSend)
    i.xQueueGenericSendFromISR               0x08004184   Section        0  queue.o(i.xQueueGenericSendFromISR)
    i.xQueueReceive                          0x0800428c   Section        0  queue.o(i.xQueueReceive)
    i.xTaskCheckForTimeOut                   0x080043f4   Section        0  tasks.o(i.xTaskCheckForTimeOut)
    i.xTaskCreate                            0x08004480   Section        0  tasks.o(i.xTaskCreate)
    i.xTaskGetSchedulerState                 0x080044e0   Section        0  tasks.o(i.xTaskGetSchedulerState)
    i.xTaskGetTickCount                      0x08004500   Section        0  tasks.o(i.xTaskGetTickCount)
    i.xTaskIncrementTick                     0x0800450c   Section        0  tasks.o(i.xTaskIncrementTick)
    i.xTaskPriorityDisinherit                0x08004638   Section        0  tasks.o(i.xTaskPriorityDisinherit)
    i.xTaskRemoveFromEventList               0x08004700   Section        0  tasks.o(i.xTaskRemoveFromEventList)
    i.xTaskResumeAll                         0x08004798   Section        0  tasks.o(i.xTaskResumeAll)
    i.xTimerCreateTimerTask                  0x0800489c   Section        0  timers.o(i.xTimerCreateTimerTask)
    i.xTimerGenericCommand                   0x080048f4   Section        0  timers.o(i.xTimerGenericCommand)
    locale$$code                             0x08004978   Section       44  lc_numeric_c.o(locale$$code)
    locale$$code                             0x080049a4   Section       44  lc_ctype_c.o(locale$$code)
    x$fpl$fpinit                             0x080049d0   Section       10  fpinit.o(x$fpl$fpinit)
    $v0                                      0x080049d0   Number         0  fpinit.o(x$fpl$fpinit)
    x$fpl$printf1                            0x080049da   Section        4  printf1.o(x$fpl$printf1)
    $v0                                      0x080049da   Number         0  printf1.o(x$fpl$printf1)
    x$fpl$printf2                            0x080049de   Section        4  printf2.o(x$fpl$printf2)
    $v0                                      0x080049de   Number         0  printf2.o(x$fpl$printf2)
    .constdata                               0x080049e2   Section       23  retarget_io.o(.constdata)
    x$fpl$usenofp                            0x080049e2   Section        0  usenofp.o(x$fpl$usenofp)
    .constdata                               0x080049f9   Section       17  __printf_flags_ss_wp.o(.constdata)
    maptable                                 0x080049f9   Data          17  __printf_flags_ss_wp.o(.constdata)
    .constdata                               0x08004a0c   Section        8  _printf_wctomb.o(.constdata)
    initial_mbstate                          0x08004a0c   Data           8  _printf_wctomb.o(.constdata)
    .constdata                               0x08004a14   Section       40  _printf_hex_int_ll_ptr.o(.constdata)
    uc_hextab                                0x08004a14   Data          20  _printf_hex_int_ll_ptr.o(.constdata)
    lc_hextab                                0x08004a28   Data          20  _printf_hex_int_ll_ptr.o(.constdata)
    .constdata                               0x08004a3c   Section       38  _printf_fp_hex.o(.constdata)
    lc_hextab                                0x08004a3c   Data          19  _printf_fp_hex.o(.constdata)
    uc_hextab                                0x08004a4f   Data          19  _printf_fp_hex.o(.constdata)
    .constdata                               0x08004a64   Section      148  bigflt0.o(.constdata)
    tenpwrs_x                                0x08004a64   Data          60  bigflt0.o(.constdata)
    tenpwrs_i                                0x08004aa0   Data          64  bigflt0.o(.constdata)
    locale$$data                             0x08004b18   Section       28  lc_numeric_c.o(locale$$data)
    __lcnum_c_name                           0x08004b1c   Data           2  lc_numeric_c.o(locale$$data)
    __lcnum_c_start                          0x08004b24   Data           0  lc_numeric_c.o(locale$$data)
    __lcnum_c_point                          0x08004b30   Data           0  lc_numeric_c.o(locale$$data)
    __lcnum_c_thousands                      0x08004b32   Data           0  lc_numeric_c.o(locale$$data)
    __lcnum_c_grouping                       0x08004b33   Data           0  lc_numeric_c.o(locale$$data)
    locale$$data                             0x08004b34   Section      272  lc_ctype_c.o(locale$$data)
    __lcnum_c_end                            0x08004b34   Data           0  lc_numeric_c.o(locale$$data)
    __lcctype_c_name                         0x08004b38   Data           2  lc_ctype_c.o(locale$$data)
    __lcctype_c_start                        0x08004b40   Data           0  lc_ctype_c.o(locale$$data)
    __lcctype_c_end                          0x08004c44   Data           0  lc_ctype_c.o(locale$$data)
    .data                                    0x20000000   Section        4  nested_interrupt.o(.data)
    .data                                    0x20000004   Section        4  system_stm32f4xx.o(.data)
    .data                                    0x20000008   Section       24  heap_4.o(.data)
    xStart                                   0x20000008   Data           8  heap_4.o(.data)
    pxEnd                                    0x20000010   Data           4  heap_4.o(.data)
    xFreeBytesRemaining                      0x20000014   Data           4  heap_4.o(.data)
    xMinimumEverFreeBytesRemaining           0x20000018   Data           4  heap_4.o(.data)
    xBlockAllocatedBit                       0x2000001c   Data           4  heap_4.o(.data)
    .data                                    0x20000020   Section       12  port.o(.data)
    uxCriticalNesting                        0x20000020   Data           4  port.o(.data)
    ucMaxSysCallPriority                     0x20000024   Data           1  port.o(.data)
    ulMaxPRIGROUPValue                       0x20000028   Data           4  port.o(.data)
    .data                                    0x2000002c   Section       60  tasks.o(.data)
    pxDelayedTaskList                        0x20000030   Data           4  tasks.o(.data)
    pxOverflowDelayedTaskList                0x20000034   Data           4  tasks.o(.data)
    uxDeletedTasksWaitingCleanUp             0x20000038   Data           4  tasks.o(.data)
    uxCurrentNumberOfTasks                   0x2000003c   Data           4  tasks.o(.data)
    xTickCount                               0x20000040   Data           4  tasks.o(.data)
    uxTopReadyPriority                       0x20000044   Data           4  tasks.o(.data)
    xSchedulerRunning                        0x20000048   Data           4  tasks.o(.data)
    uxPendedTicks                            0x2000004c   Data           4  tasks.o(.data)
    xYieldPending                            0x20000050   Data           4  tasks.o(.data)
    xNumOfOverflows                          0x20000054   Data           4  tasks.o(.data)
    uxTaskNumber                             0x20000058   Data           4  tasks.o(.data)
    xNextTaskUnblockTime                     0x2000005c   Data           4  tasks.o(.data)
    xIdleTaskHandle                          0x20000060   Data           4  tasks.o(.data)
    uxSchedulerSuspended                     0x20000064   Data           4  tasks.o(.data)
    .data                                    0x20000068   Section       20  timers.o(.data)
    pxCurrentTimerList                       0x20000068   Data           4  timers.o(.data)
    pxOverflowTimerList                      0x2000006c   Data           4  timers.o(.data)
    xTimerQueue                              0x20000070   Data           4  timers.o(.data)
    xTimerTaskHandle                         0x20000074   Data           4  timers.o(.data)
    xLastTime                                0x20000078   Data           4  timers.o(.data)
    .data                                    0x2000007c   Section        4  stdio_streams.o(.data)
    .data                                    0x20000080   Section        4  stdio_streams.o(.data)
    .data                                    0x20000084   Section        4  stdio_streams.o(.data)
    .bss                                     0x20000088   Section     4096  heap_4.o(.bss)
    ucHeap                                   0x20000088   Data        4096  heap_4.o(.bss)
    .bss                                     0x20001088   Section      200  tasks.o(.bss)
    pxReadyTasksLists                        0x20001088   Data         100  tasks.o(.bss)
    xDelayedTaskList1                        0x200010ec   Data          20  tasks.o(.bss)
    xDelayedTaskList2                        0x20001100   Data          20  tasks.o(.bss)
    xPendingReadyList                        0x20001114   Data          20  tasks.o(.bss)
    xTasksWaitingTermination                 0x20001128   Data          20  tasks.o(.bss)
    xSuspendedTaskList                       0x2000113c   Data          20  tasks.o(.bss)
    .bss                                     0x20001150   Section       40  timers.o(.bss)
    xActiveTimerList1                        0x20001150   Data          20  timers.o(.bss)
    xActiveTimerList2                        0x20001164   Data          20  timers.o(.bss)
    .bss                                     0x20001178   Section       84  stdio_streams.o(.bss)
    .bss                                     0x200011cc   Section       84  stdio_streams.o(.bss)
    .bss                                     0x20001220   Section       84  stdio_streams.o(.bss)
    .bss                                     0x20001274   Section       96  libspace.o(.bss)
    HEAP                                     0x200012d8   Section      512  startup_stm32f411xe.o(HEAP)
    Heap_Mem                                 0x200012d8   Data         512  startup_stm32f411xe.o(HEAP)
    STACK                                    0x200014d8   Section     1024  startup_stm32f411xe.o(STACK)
    Stack_Mem                                0x200014d8   Data        1024  startup_stm32f411xe.o(STACK)
    __initial_sp                             0x200018d8   Data           0  startup_stm32f411xe.o(STACK)

    Global Symbols

    Symbol Name                              Value     Ov Type        Size  Object(Section)

    BuildAttributes$$THM_ISAv4$E$P$D$K$B$S$7EM$VFPi3$EXTD16$VFPS$VFMA$PE$A:L22UL41UL21$X:L11$S22US41US21$IEEE1$IW$USESV6$~STKCKD$USESV7$~SHL$OTIME$ROPI$IEEEJ$EBA8$UX$STANDARDLIB$REQ8$PRES8$EABIv2 0x00000000   Number         0  anon$$obj.o ABSOLUTE
    __ARM_use_no_argv                        0x00000000   Number         0  nested_interrupt.o ABSOLUTE
    _printf_flags                            0x00000000   Number         0  printf_stubs.o ABSOLUTE
    _printf_return_value                     0x00000000   Number         0  printf_stubs.o ABSOLUTE
    _printf_sizespec                         0x00000000   Number         0  printf_stubs.o ABSOLUTE
    _printf_widthprec                        0x00000000   Number         0  printf_stubs.o ABSOLUTE
    __ARM_exceptions_init                     - Undefined Weak Reference
    __alloca_initialize                       - Undefined Weak Reference
    __arm_preinit_                            - Undefined Weak Reference
    __cpp_initialize__aeabi_                  - Undefined Weak Reference
    __cxa_finalize                            - Undefined Weak Reference
    __sigvec_lookup                           - Undefined Weak Reference
    __user_heap_extent                        - Undefined Weak Reference
    _atexit_init                              - Undefined Weak Reference
    _call_atexit_fns                          - Undefined Weak Reference
    _clock_init                               - Undefined Weak Reference
    _fp_trap_init                             - Undefined Weak Reference
    _fp_trap_shutdown                         - Undefined Weak Reference
    _get_lc_collate                           - Undefined Weak Reference
    _get_lc_monetary                          - Undefined Weak Reference
    _get_lc_time                              - Undefined Weak Reference
    _getenv_init                              - Undefined Weak Reference
    _handle_redirection                       - Undefined Weak Reference
    _mutex_acquire                            - Undefined Weak Reference
    _mutex_free                               - Undefined Weak Reference
    _mutex_release                            - Undefined Weak Reference
    _printf_mbtowc                            - Undefined Weak Reference
    _printf_wc                                - Undefined Weak Reference
    _rand_init                                - Undefined Weak Reference
    _signal_finish                            - Undefined Weak Reference
    _signal_init                              - Undefined Weak Reference
    __Vectors_Size                           0x00000198   Number         0  startup_stm32f411xe.o ABSOLUTE
    __Vectors                                0x08000000   Data           4  startup_stm32f411xe.o(RESET)
    __Vectors_End                            0x08000198   Data           0  startup_stm32f411xe.o(RESET)
    __main                                   0x08000199   Thumb Code     8  __main.o(!!!main)
    __scatterload                            0x080001a1   Thumb Code     0  __scatter.o(!!!scatter)
    __scatterload_rt2                        0x080001a1   Thumb Code    44  __scatter.o(!!!scatter)
    __scatterload_rt2_thumb_only             0x080001a1   Thumb Code     0  __scatter.o(!!!scatter)
    __scatterload_null                       0x080001af   Thumb Code     0  __scatter.o(!!!scatter)
    __scatterload_copy                       0x080001d5   Thumb Code    26  __scatter_copy.o(!!handler_copy)
    __scatterload_zeroinit                   0x080001f1   Thumb Code    28  __scatter_zi.o(!!handler_zi)
    _printf_n                                0x0800020d   Thumb Code     0  _printf_n.o(.ARM.Collect$$_printf_percent$$00000001)
    _printf_percent                          0x0800020d   Thumb Code     0  _printf_percent.o(.ARM.Collect$$_printf_percent$$00000000)
    _printf_p                                0x08000213   Thumb Code     0  _printf_p.o(.ARM.Collect$$_printf_percent$$00000002)
    _printf_f                                0x08000219   Thumb Code     0  _printf_f.o(.ARM.Collect$$_printf_percent$$00000003)
    _printf_e                                0x0800021f   Thumb Code     0  _printf_e.o(.ARM.Collect$$_printf_percent$$00000004)
    _printf_g                                0x08000225   Thumb Code     0  _printf_g.o(.ARM.Collect$$_printf_percent$$00000005)
    _printf_a                                0x0800022b   Thumb Code     0  _printf_a.o(.ARM.Collect$$_printf_percent$$00000006)
    _printf_ll                               0x08000231   Thumb Code     0  _printf_ll.o(.ARM.Collect$$_printf_percent$$00000007)
    _printf_i                                0x0800023b   Thumb Code     0  _printf_i.o(.ARM.Collect$$_printf_percent$$00000008)
    _printf_d                                0x08000241   Thumb Code     0  _printf_d.o(.ARM.Collect$$_printf_percent$$00000009)
    _printf_u                                0x08000247   Thumb Code     0  _printf_u.o(.ARM.Collect$$_printf_percent$$0000000A)
    _printf_o                                0x0800024d   Thumb Code     0  _printf_o.o(.ARM.Collect$$_printf_percent$$0000000B)
    _printf_x                                0x08000253   Thumb Code     0  _printf_x.o(.ARM.Collect$$_printf_percent$$0000000C)
    _printf_lli                              0x08000259   Thumb Code     0  _printf_lli.o(.ARM.Collect$$_printf_percent$$0000000D)
    _printf_lld                              0x0800025f   Thumb Code     0  _printf_lld.o(.ARM.Collect$$_printf_percent$$0000000E)
    _printf_llu                              0x08000265   Thumb Code     0  _printf_llu.o(.ARM.Collect$$_printf_percent$$0000000F)
    _printf_llo                              0x0800026b   Thumb Code     0  _printf_llo.o(.ARM.Collect$$_printf_percent$$00000010)
    _printf_llx                              0x08000271   Thumb Code     0  _printf_llx.o(.ARM.Collect$$_printf_percent$$00000011)
    _printf_l                                0x08000277   Thumb Code     0  _printf_l.o(.ARM.Collect$$_printf_percent$$00000012)
    _printf_c                                0x08000281   Thumb Code     0  _printf_c.o(.ARM.Collect$$_printf_percent$$00000013)
    _printf_s                                0x08000287   Thumb Code     0  _printf_s.o(.ARM.Collect$$_printf_percent$$00000014)
    _printf_lc                               0x0800028d   Thumb Code     0  _printf_lc.o(.ARM.Collect$$_printf_percent$$00000015)
    _printf_ls                               0x08000293   Thumb Code     0  _printf_ls.o(.ARM.Collect$$_printf_percent$$00000016)
    _printf_percent_end                      0x08000299   Thumb Code     0  _printf_percent_end.o(.ARM.Collect$$_printf_percent$$00000017)
    __rt_lib_init                            0x0800029d   Thumb Code     0  libinit.o(.ARM.Collect$$libinit$$00000000)
    __rt_lib_init_fp_1                       0x0800029f   Thumb Code     0  libinit2.o(.ARM.Collect$$libinit$$00000001)
    __rt_lib_init_heap_2                     0x080002a3   Thumb Code     0  libinit2.o(.ARM.Collect$$libinit$$00000005)
    __rt_lib_init_preinit_1                  0x080002a3   Thumb Code     0  libinit2.o(.ARM.Collect$$libinit$$00000004)
    __rt_lib_init_heap_1                     0x080002ab   Thumb Code     0  libinit2.o(.ARM.Collect$$libinit$$0000000A)
    __rt_lib_init_lc_common                  0x080002ab   Thumb Code     0  libinit2.o(.ARM.Collect$$libinit$$0000000F)
    __rt_lib_init_rand_1                     0x080002ab   Thumb Code     0  libinit2.o(.ARM.Collect$$libinit$$0000000E)
    __rt_lib_init_user_alloc_1               0x080002ab   Thumb Code     0  libinit2.o(.ARM.Collect$$libinit$$0000000C)
    __rt_lib_init_lc_collate_1               0x080002b1   Thumb Code     0  libinit2.o(.ARM.Collect$$libinit$$00000011)
    __rt_lib_init_lc_ctype_2                 0x080002b1   Thumb Code     0  libinit2.o(.ARM.Collect$$libinit$$00000012)
    __rt_lib_init_lc_ctype_1                 0x080002bd   Thumb Code     0  libinit2.o(.ARM.Collect$$libinit$$00000013)
    __rt_lib_init_lc_monetary_1              0x080002bd   Thumb Code     0  libinit2.o(.ARM.Collect$$libinit$$00000015)
    __rt_lib_init_lc_numeric_2               0x080002bd   Thumb Code     0  libinit2.o(.ARM.Collect$$libinit$$00000016)
    __rt_lib_init_atexit_1                   0x080002c7   Thumb Code     0  libinit2.o(.ARM.Collect$$libinit$$0000001B)
    __rt_lib_init_clock_1                    0x080002c7   Thumb Code     0  libinit2.o(.ARM.Collect$$libinit$$00000021)
    __rt_lib_init_fp_trap_1                  0x080002c7   Thumb Code     0  libinit2.o(.ARM.Collect$$libinit$$0000001F)
    __rt_lib_init_getenv_1                   0x080002c7   Thumb Code     0  libinit2.o(.ARM.Collect$$libinit$$00000023)
    __rt_lib_init_lc_numeric_1               0x080002c7   Thumb Code     0  libinit2.o(.ARM.Collect$$libinit$$00000017)
    __rt_lib_init_lc_time_1                  0x080002c7   Thumb Code     0  libinit2.o(.ARM.Collect$$libinit$$00000019)
    __rt_lib_init_signal_1                   0x080002c7   Thumb Code     0  libinit2.o(.ARM.Collect$$libinit$$0000001D)
    __rt_lib_init_stdio_2                    0x080002c7   Thumb Code     0  libinit2.o(.ARM.Collect$$libinit$$00000024)
    __rt_lib_init_alloca_1                   0x080002cb   Thumb Code     0  libinit2.o(.ARM.Collect$$libinit$$0000002E)
    __rt_lib_init_argv_1                     0x080002cb   Thumb Code     0  libinit2.o(.ARM.Collect$$libinit$$0000002C)
    __rt_lib_init_cpp_1                      0x080002cb   Thumb Code     0  libinit2.o(.ARM.Collect$$libinit$$00000032)
    __rt_lib_init_exceptions_1               0x080002cb   Thumb Code     0  libinit2.o(.ARM.Collect$$libinit$$00000030)
    __rt_lib_init_return                     0x080002cb   Thumb Code     0  libinit2.o(.ARM.Collect$$libinit$$00000033)
    __rt_lib_init_stdio_1                    0x080002cb   Thumb Code     0  libinit2.o(.ARM.Collect$$libinit$$00000025)
    __rt_lib_shutdown                        0x080002cd   Thumb Code     0  libshutdown.o(.ARM.Collect$$libshutdown$$00000000)
    __rt_lib_shutdown_cpp_1                  0x080002cf   Thumb Code     0  libshutdown2.o(.ARM.Collect$$libshutdown$$00000002)
    __rt_lib_shutdown_stdio_2                0x080002cf   Thumb Code     0  libshutdown2.o(.ARM.Collect$$libshutdown$$00000003)
    __rt_lib_shutdown_fp_trap_1              0x080002d3   Thumb Code     0  libshutdown2.o(.ARM.Collect$$libshutdown$$00000007)
    __rt_lib_shutdown_heap_1                 0x080002d3   Thumb Code     0  libshutdown2.o(.ARM.Collect$$libshutdown$$0000000F)
    __rt_lib_shutdown_return                 0x080002d3   Thumb Code     0  libshutdown2.o(.ARM.Collect$$libshutdown$$00000010)
    __rt_lib_shutdown_signal_1               0x080002d3   Thumb Code     0  libshutdown2.o(.ARM.Collect$$libshutdown$$0000000A)
    __rt_lib_shutdown_stdio_1                0x080002d3   Thumb Code     0  libshutdown2.o(.ARM.Collect$$libshutdown$$00000004)
    __rt_lib_shutdown_user_alloc_1           0x080002d3   Thumb Code     0  libshutdown2.o(.ARM.Collect$$libshutdown$$0000000C)
    __rt_entry                               0x080002d5   Thumb Code     0  __rtentry.o(.ARM.Collect$$rtentry$$00000000)
    __rt_entry_presh_1                       0x080002d5   Thumb Code     0  __rtentry2.o(.ARM.Collect$$rtentry$$00000002)
    __rt_entry_sh                            0x080002d5   Thumb Code     0  __rtentry4.o(.ARM.Collect$$rtentry$$00000004)
    __rt_entry_li                            0x080002db   Thumb Code     0  __rtentry2.o(.ARM.Collect$$rtentry$$0000000A)
    __rt_entry_postsh_1                      0x080002db   Thumb Code     0  __rtentry2.o(.ARM.Collect$$rtentry$$00000009)
    __rt_entry_main                          0x080002df   Thumb Code     0  __rtentry2.o(.ARM.Collect$$rtentry$$0000000D)
    __rt_entry_postli_1                      0x080002df   Thumb Code     0  __rtentry2.o(.ARM.Collect$$rtentry$$0000000C)
    __rt_exit                                0x080002e7   Thumb Code     0  rtexit.o(.ARM.Collect$$rtexit$$00000000)
    __rt_exit_ls                             0x080002e9   Thumb Code     0  rtexit2.o(.ARM.Collect$$rtexit$$00000003)
    __rt_exit_prels_1                        0x080002e9   Thumb Code     0  rtexit2.o(.ARM.Collect$$rtexit$$00000002)
    __rt_exit_exit                           0x080002ed   Thumb Code     0  rtexit2.o(.ARM.Collect$$rtexit$$00000004)
    SVC_Handler                              0x080002f5   Thumb Code    28  port.o(.emb_text)
    __asm___6_port_c_39a90d8d__prvStartFirstTask 0x08000315   Thumb Code    36  port.o(.emb_text)
    __asm___6_port_c_39a90d8d__prvEnableVFP  0x0800033d   Thumb Code    16  port.o(.emb_text)
    PendSV_Handler                           0x08000351   Thumb Code    88  port.o(.emb_text)
    vPortGetIPSR                             0x080003ad   Thumb Code     6  port.o(.emb_text)
    Reset_Handler                            0x080003b5   Thumb Code     8  startup_stm32f411xe.o(.text)
    _maybe_terminate_alloc                   0x080003b5   Thumb Code     0  maybetermalloc1.o(.emb_text)
    NMI_Handler                              0x080003bd   Thumb Code     2  startup_stm32f411xe.o(.text)
    HardFault_Handler                        0x080003bf   Thumb Code     2  startup_stm32f411xe.o(.text)
    MemManage_Handler                        0x080003c1   Thumb Code     2  startup_stm32f411xe.o(.text)
    BusFault_Handler                         0x080003c3   Thumb Code     2  startup_stm32f411xe.o(.text)
    UsageFault_Handler                       0x080003c5   Thumb Code     2  startup_stm32f411xe.o(.text)
    DebugMon_Handler                         0x080003c9   Thumb Code     2  startup_stm32f411xe.o(.text)
    ADC_IRQHandler                           0x080003cf   Thumb Code     0  startup_stm32f411xe.o(.text)
    DMA1_Stream0_IRQHandler                  0x080003cf   Thumb Code     0  startup_stm32f411xe.o(.text)
    DMA1_Stream1_IRQHandler                  0x080003cf   Thumb Code     0  startup_stm32f411xe.o(.text)
    DMA1_Stream2_IRQHandler                  0x080003cf   Thumb Code     0  startup_stm32f411xe.o(.text)
    DMA1_Stream3_IRQHandler                  0x080003cf   Thumb Code     0  startup_stm32f411xe.o(.text)
    DMA1_Stream4_IRQHandler                  0x080003cf   Thumb Code     0  startup_stm32f411xe.o(.text)
    DMA1_Stream5_IRQHandler                  0x080003cf   Thumb Code     0  startup_stm32f411xe.o(.text)
    DMA1_Stream6_IRQHandler                  0x080003cf   Thumb Code     0  startup_stm32f411xe.o(.text)
    DMA1_Stream7_IRQHandler                  0x080003cf   Thumb Code     0  startup_stm32f411xe.o(.text)
    DMA2_Stream0_IRQHandler                  0x080003cf   Thumb Code     0  startup_stm32f411xe.o(.text)
    DMA2_Stream1_IRQHandler                  0x080003cf   Thumb Code     0  startup_stm32f411xe.o(.text)
    DMA2_Stream2_IRQHandler                  0x080003cf   Thumb Code     0  startup_stm32f411xe.o(.text)
    DMA2_Stream3_IRQHandler                  0x080003cf   Thumb Code     0  startup_stm32f411xe.o(.text)
    DMA2_Stream4_IRQHandler                  0x080003cf   Thumb Code     0  startup_stm32f411xe.o(.text)
    DMA2_Stream5_IRQHandler                  0x080003cf   Thumb Code     0  startup_stm32f411xe.o(.text)
    DMA2_Stream6_IRQHandler                  0x080003cf   Thumb Code     0  startup_stm32f411xe.o(.text)
    DMA2_Stream7_IRQHandler                  0x080003cf   Thumb Code     0  startup_stm32f411xe.o(.text)
    EXTI1_IRQHandler                         0x080003cf   Thumb Code     0  startup_stm32f411xe.o(.text)
    EXTI2_IRQHandler                         0x080003cf   Thumb Code     0  startup_stm32f411xe.o(.text)
    EXTI3_IRQHandler                         0x080003cf   Thumb Code     0  startup_stm32f411xe.o(.text)
    EXTI4_IRQHandler                         0x080003cf   Thumb Code     0  startup_stm32f411xe.o(.text)
    EXTI9_5_IRQHandler                       0x080003cf   Thumb Code     0  startup_stm32f411xe.o(.text)
    FLASH_IRQHandler                         0x080003cf   Thumb Code     0  startup_stm32f411xe.o(.text)
    FPU_IRQHandler                           0x080003cf   Thumb Code     0  startup_stm32f411xe.o(.text)
    I2C1_ER_IRQHandler                       0x080003cf   Thumb Code     0  startup_stm32f411xe.o(.text)
    I2C1_EV_IRQHandler                       0x080003cf   Thumb Code     0  startup_stm32f411xe.o(.text)
    I2C2_ER_IRQHandler                       0x080003cf   Thumb Code     0  startup_stm32f411xe.o(.text)
    I2C2_EV_IRQHandler                       0x080003cf   Thumb Code     0  startup_stm32f411xe.o(.text)
    I2C3_ER_IRQHandler                       0x080003cf   Thumb Code     0  startup_stm32f411xe.o(.text)
    I2C3_EV_IRQHandler                       0x080003cf   Thumb Code     0  startup_stm32f411xe.o(.text)
    OTG_FS_IRQHandler                        0x080003cf   Thumb Code     0  startup_stm32f411xe.o(.text)
    OTG_FS_WKUP_IRQHandler                   0x080003cf   Thumb Code     0  startup_stm32f411xe.o(.text)
    PVD_IRQHandler                           0x080003cf   Thumb Code     0  startup_stm32f411xe.o(.text)
    RCC_IRQHandler                           0x080003cf   Thumb Code     0  startup_stm32f411xe.o(.text)
    RTC_Alarm_IRQHandler                     0x080003cf   Thumb Code     0  startup_stm32f411xe.o(.text)
    RTC_WKUP_IRQHandler                      0x080003cf   Thumb Code     0  startup_stm32f411xe.o(.text)
    SDIO_IRQHandler                          0x080003cf   Thumb Code     0  startup_stm32f411xe.o(.text)
    SPI1_IRQHandler                          0x080003cf   Thumb Code     0  startup_stm32f411xe.o(.text)
    SPI2_IRQHandler                          0x080003cf   Thumb Code     0  startup_stm32f411xe.o(.text)
    SPI3_IRQHandler                          0x080003cf   Thumb Code     0  startup_stm32f411xe.o(.text)
    SPI4_IRQHandler                          0x080003cf   Thumb Code     0  startup_stm32f411xe.o(.text)
    SPI5_IRQHandler                          0x080003cf   Thumb Code     0  startup_stm32f411xe.o(.text)
    TAMP_STAMP_IRQHandler                    0x080003cf   Thumb Code     0  startup_stm32f411xe.o(.text)
    TIM1_BRK_TIM9_IRQHandler                 0x080003cf   Thumb Code     0  startup_stm32f411xe.o(.text)
    TIM1_CC_IRQHandler                       0x080003cf   Thumb Code     0  startup_stm32f411xe.o(.text)
    TIM1_TRG_COM_TIM11_IRQHandler            0x080003cf   Thumb Code     0  startup_stm32f411xe.o(.text)
    TIM1_UP_TIM10_IRQHandler                 0x080003cf   Thumb Code     0  startup_stm32f411xe.o(.text)
    TIM2_IRQHandler                          0x080003cf   Thumb Code     0  startup_stm32f411xe.o(.text)
    TIM3_IRQHandler                          0x080003cf   Thumb Code     0  startup_stm32f411xe.o(.text)
    TIM4_IRQHandler                          0x080003cf   Thumb Code     0  startup_stm32f411xe.o(.text)
    TIM5_IRQHandler                          0x080003cf   Thumb Code     0  startup_stm32f411xe.o(.text)
    USART1_IRQHandler                        0x080003cf   Thumb Code     0  startup_stm32f411xe.o(.text)
    USART2_IRQHandler                        0x080003cf   Thumb Code     0  startup_stm32f411xe.o(.text)
    USART6_IRQHandler                        0x080003cf   Thumb Code     0  startup_stm32f411xe.o(.text)
    WWDG_IRQHandler                          0x080003cf   Thumb Code     0  startup_stm32f411xe.o(.text)
    __user_initial_stackheap                 0x080003d1   Thumb Code     0  startup_stm32f411xe.o(.text)
    vprintf                                  0x080003f5   Thumb Code     8  vprintf.o(.text)
    _printf_str                              0x08000401   Thumb Code    82  _printf_str.o(.text)
    _printf_int_dec                          0x08000455   Thumb Code   104  _printf_dec.o(.text)
    __printf                                 0x080004cd   Thumb Code   388  __printf_flags_ss_wp.o(.text)
    _do_fflush                               0x08000655   Thumb Code    54  fflush.o(.text)
    fflush                                   0x0800068b   Thumb Code    42  fflush.o(.text)
    __aeabi_memcpy                           0x080006b9   Thumb Code     0  rt_memcpy_v6.o(.text)
    __rt_memcpy                              0x080006b9   Thumb Code   138  rt_memcpy_v6.o(.text)
    _memcpy_lastbytes                        0x0800071f   Thumb Code     0  rt_memcpy_v6.o(.text)
    __aeabi_memset                           0x08000743   Thumb Code    16  aeabi_memset.o(.text)
    strcmp                                   0x08000755   Thumb Code   128  strcmpv7m.o(.text)
    __use_two_region_memory                  0x080007d5   Thumb Code     2  heapauxi.o(.text)
    __rt_heap_escrow                         0x080007d7   Thumb Code     2  heapauxi.o(.text)
    __rt_heap_expand                         0x080007d9   Thumb Code     2  heapauxi.o(.text)
    _printf_pre_padding                      0x080007db   Thumb Code    44  _printf_pad.o(.text)
    _printf_post_padding                     0x08000807   Thumb Code    34  _printf_pad.o(.text)
    _printf_truncate_signed                  0x08000829   Thumb Code    18  _printf_truncate.o(.text)
    _printf_truncate_unsigned                0x0800083b   Thumb Code    18  _printf_truncate.o(.text)
    _printf_int_common                       0x0800084d   Thumb Code   178  _printf_intcommon.o(.text)
    _printf_charcount                        0x080008ff   Thumb Code    40  _printf_charcount.o(.text)
    _printf_char_common                      0x08000933   Thumb Code    32  _printf_char_common.o(.text)
    _printf_cs_common                        0x08000959   Thumb Code    20  _printf_char.o(.text)
    _printf_char                             0x0800096d   Thumb Code    16  _printf_char.o(.text)
    _printf_string                           0x0800097d   Thumb Code     8  _printf_char.o(.text)
    _printf_char_file                        0x08000985   Thumb Code    32  _printf_char_file.o(.text)
    _printf_wctomb                           0x080009a9   Thumb Code   182  _printf_wctomb.o(.text)
    _printf_longlong_dec                     0x08000a65   Thumb Code   108  _printf_longlong_dec.o(.text)
    _printf_longlong_oct                     0x08000ae1   Thumb Code    66  _printf_oct_int_ll.o(.text)
    _printf_int_oct                          0x08000b23   Thumb Code    24  _printf_oct_int_ll.o(.text)
    _printf_ll_oct                           0x08000b3b   Thumb Code    12  _printf_oct_int_ll.o(.text)
    _printf_longlong_hex                     0x08000b51   Thumb Code    86  _printf_hex_int_ll_ptr.o(.text)
    _printf_int_hex                          0x08000ba7   Thumb Code    28  _printf_hex_int_ll_ptr.o(.text)
    _printf_ll_hex                           0x08000bc3   Thumb Code    12  _printf_hex_int_ll_ptr.o(.text)
    _printf_hex_ptr                          0x08000bcf   Thumb Code    18  _printf_hex_int_ll_ptr.o(.text)
    _fseek                                   0x08000be5   Thumb Code   242  fseek.o(.text)
    fseek                                    0x08000be5   Thumb Code     0  fseek.o(.text)
    _seterr                                  0x08000cdd   Thumb Code    20  stdio.o(.text)
    _writebuf                                0x08000cf1   Thumb Code    84  stdio.o(.text)
    _fflush                                  0x08000d45   Thumb Code    70  stdio.o(.text)
    _deferredlazyseek                        0x08000d8b   Thumb Code    60  stdio.o(.text)
    _initio                                  0x08000dcd   Thumb Code   210  initio.o(.text)
    _terminateio                             0x08000e9f   Thumb Code    56  initio.o(.text)
    __aeabi_memcpy4                          0x08000f05   Thumb Code     0  rt_memcpy_w.o(.text)
    __aeabi_memcpy8                          0x08000f05   Thumb Code     0  rt_memcpy_w.o(.text)
    __rt_memcpy_w                            0x08000f05   Thumb Code   100  rt_memcpy_w.o(.text)
    _memcpy_lastbytes_aligned                0x08000f4d   Thumb Code     0  rt_memcpy_w.o(.text)
    __aeabi_memclr                           0x08000f69   Thumb Code     0  rt_memclr.o(.text)
    __rt_memclr                              0x08000f69   Thumb Code    68  rt_memclr.o(.text)
    _memset                                  0x08000f6d   Thumb Code     0  rt_memclr.o(.text)
    free                                     0x08000fad   Thumb Code    78  h1_free.o(.text)
    _ll_udiv10                               0x08000ffb   Thumb Code   138  lludiv10.o(.text)
    __lib_sel_fp_printf                      0x08001085   Thumb Code     2  _printf_fp_dec.o(.text)
    _printf_fp_dec_real                      0x08001237   Thumb Code   620  _printf_fp_dec.o(.text)
    _printf_fp_hex_real                      0x080014a5   Thumb Code   756  _printf_fp_hex.o(.text)
    _printf_lcs_common                       0x080017a1   Thumb Code    20  _printf_wchar.o(.text)
    _printf_wchar                            0x080017b5   Thumb Code    16  _printf_wchar.o(.text)
    _printf_wstring                          0x080017c5   Thumb Code     8  _printf_wchar.o(.text)
    ferror                                   0x080017cd   Thumb Code     8  ferror.o(.text)
    _ftell_internal                          0x080017d5   Thumb Code    66  ftell.o(.text)
    ftell                                    0x080017d5   Thumb Code     0  ftell.o(.text)
    setvbuf                                  0x08001817   Thumb Code    70  setvbuf.o(.text)
    freopen                                  0x0800185d   Thumb Code   158  fopen.o(.text)
    fopen                                    0x080018fb   Thumb Code    74  fopen.o(.text)
    _fclose_internal                         0x08001949   Thumb Code    76  fclose.o(.text)
    fclose                                   0x08001949   Thumb Code     0  fclose.o(.text)
    _wcrtomb                                 0x08001995   Thumb Code    64  _wcrtomb.o(.text)
    __rt_SIGRTRED                            0x080019d5   Thumb Code    14  defsig_rtred_outer.o(.text)
    __aeabi_memclr4                          0x080019e3   Thumb Code     0  rt_memclr_w.o(.text)
    __aeabi_memclr8                          0x080019e3   Thumb Code     0  rt_memclr_w.o(.text)
    __rt_memclr_w                            0x080019e3   Thumb Code    78  rt_memclr_w.o(.text)
    _memset_w                                0x080019e7   Thumb Code     0  rt_memclr_w.o(.text)
    __user_setup_stackheap                   0x08001a31   Thumb Code    74  sys_stackheap_outer.o(.text)
    __rt_ctype_table                         0x08001a7d   Thumb Code    16  rt_ctype_table.o(.text)
    __rt_heap_descriptor                     0x08001a8d   Thumb Code     8  rt_heap_descriptor_intlibspace.o(.text)
    __rt_locale                              0x08001a95   Thumb Code     8  rt_locale_intlibspace.o(.text)
    __aeabi_errno_addr                       0x08001a9d   Thumb Code     8  rt_errno_addr_intlibspace.o(.text)
    __errno$intlibspace                      0x08001a9d   Thumb Code     0  rt_errno_addr_intlibspace.o(.text)
    __rt_errno_addr$intlibspace              0x08001a9d   Thumb Code     0  rt_errno_addr_intlibspace.o(.text)
    __use_no_heap                            0x08001aa5   Thumb Code     2  hguard.o(.text)
    __heap$guard                             0x08001aa7   Thumb Code     2  hguard.o(.text)
    _terminate_user_alloc                    0x08001aa9   Thumb Code     2  init_alloc.o(.text)
    _init_user_alloc                         0x08001aab   Thumb Code     2  init_alloc.o(.text)
    __Heap_Full                              0x08001aad   Thumb Code    34  init_alloc.o(.text)
    __Heap_Broken                            0x08001acf   Thumb Code     6  init_alloc.o(.text)
    _init_alloc                              0x08001ad5   Thumb Code    94  init_alloc.o(.text)
    malloc                                   0x08001b33   Thumb Code    94  h1_alloc.o(.text)
    _printf_fp_infnan                        0x08001b91   Thumb Code   112  _printf_fp_infnan.o(.text)
    _btod_etento                             0x08001c11   Thumb Code   224  bigflt0.o(.text)
    __flsbuf                                 0x08001cf5   Thumb Code   470  flsbuf.o(.text)
    __flsbuf_byte                            0x08001cf5   Thumb Code     0  flsbuf.o(.text)
    __flsbuf_wide                            0x08001cf5   Thumb Code     0  flsbuf.o(.text)
    exit                                     0x08001ecb   Thumb Code    18  exit.o(.text)
    __sig_exit                               0x08001edd   Thumb Code    10  defsig_exit.o(.text)
    __rt_SIGRTRED_inner                      0x08001ee9   Thumb Code    14  defsig_rtred_inner.o(.text)
    _sys_exit                                0x08001f1d   Thumb Code     8  sys_exit.o(.text)
    __user_libspace                          0x08001f29   Thumb Code     8  libspace.o(.text)
    __user_perproc_libspace                  0x08001f29   Thumb Code     0  libspace.o(.text)
    __user_perthread_libspace                0x08001f29   Thumb Code     0  libspace.o(.text)
    __Heap_Initialize                        0x08001f31   Thumb Code    10  h1_init.o(.text)
    __Heap_DescSize                          0x08001f3b   Thumb Code     4  h1_init.o(.text)
    __Heap_ProvideMemory                     0x08001f3f   Thumb Code    52  h1_extend.o(.text)
    __default_signal_display                 0x08001f73   Thumb Code    50  defsig_general.o(.text)
    __rt_SIGRTMEM                            0x08001fa5   Thumb Code    14  defsig_rtmem_outer.o(.text)
    _ttywrch                                 0x08001fb3   Thumb Code    14  sys_wrch.o(.text)
    __I$use$semihosting                      0x08001fc1   Thumb Code     0  use_no_semi.o(.text)
    __use_no_semihosting_swi                 0x08001fc1   Thumb Code     2  use_no_semi.o(.text)
    __semihosting_library_function           0x08001fc3   Thumb Code     0  indicate_semi.o(.text)
    __rt_SIGRTMEM_inner                      0x08001fc5   Thumb Code    22  defsig_rtmem_inner.o(.text)
    _btod_d2e                                0x08002015   Thumb Code    62  btod.o(CL$$btod_d2e)
    _d2e_denorm_low                          0x08002053   Thumb Code    70  btod.o(CL$$btod_d2e_denorm_low)
    _d2e_norm_op1                            0x08002099   Thumb Code    96  btod.o(CL$$btod_d2e_norm_op1)
    __btod_div_common                        0x080020f9   Thumb Code   696  btod.o(CL$$btod_div_common)
    _e2e                                     0x08002431   Thumb Code   220  btod.o(CL$$btod_e2e)
    _btod_ediv                               0x0800250d   Thumb Code    42  btod.o(CL$$btod_ediv)
    _btod_emul                               0x08002537   Thumb Code    42  btod.o(CL$$btod_emul)
    __btod_mult_common                       0x08002561   Thumb Code   580  btod.o(CL$$btod_mult_common)
    EXTI0_IRQHandler                         0x080027a5   Thumb Code    68  nested_interrupt.o(i.EXTI0_IRQHandler)
    EXTI15_10_IRQHandler                     0x0800281d   Thumb Code    94  nested_interrupt.o(i.EXTI15_10_IRQHandler)
    ITM_SendChar                             0x080028b1   Thumb Code    42  retarget_io.o(i.ITM_SendChar)
    OS_SysTick_Handler                       0x080028e1   Thumb Code    46  port.o(i.OS_SysTick_Handler)
    SysTick_Handler                          0x08002915   Thumb Code     8  system.o(i.SysTick_Handler)
    SystemInit                               0x0800291d   Thumb Code    82  system_stm32f4xx.o(i.SystemInit)
    __ARM_fpclassify                         0x08002981   Thumb Code    48  fpclassify.o(i.__ARM_fpclassify)
    _is_digit                                0x080029f5   Thumb Code    14  __printf_wp.o(i._is_digit)
    _sys_close                               0x08002a03   Thumb Code    38  retarget_io.o(i._sys_close)
    _sys_flen                                0x08002a29   Thumb Code    36  retarget_io.o(i._sys_flen)
    _sys_istty                               0x08002a4d   Thumb Code    36  retarget_io.o(i._sys_istty)
    _sys_open                                0x08002a71   Thumb Code    80  retarget_io.o(i._sys_open)
    _sys_seek                                0x08002ad9   Thumb Code    44  retarget_io.o(i._sys_seek)
    _sys_write                               0x08002b05   Thumb Code    70  retarget_io.o(i._sys_write)
    configureEXTILines                       0x08002b4d   Thumb Code   134  nested_interrupt.o(i.configureEXTILines)
    fputc                                    0x08002be9   Thumb Code    26  fputc.o(i.fputc)
    main                                     0x08002c05   Thumb Code   110  nested_interrupt.o(i.main)
    pvPortMalloc                             0x0800371d   Thumb Code   296  heap_4.o(i.pvPortMalloc)
    pxPortInitialiseStack                    0x08003859   Thumb Code    38  port.o(i.pxPortInitialiseStack)
    uxListRemove                             0x08003891   Thumb Code    40  list.o(i.uxListRemove)
    vApplicationIdleHook                     0x080038b9   Thumb Code     2  nested_interrupt.o(i.vApplicationIdleHook)
    vListInitialise                          0x080038bb   Thumb Code    26  list.o(i.vListInitialise)
    vListInitialiseItem                      0x080038d5   Thumb Code     6  list.o(i.vListInitialiseItem)
    vListInsert                              0x080038db   Thumb Code    52  list.o(i.vListInsert)
    vListInsertEnd                           0x0800390f   Thumb Code    24  list.o(i.vListInsertEnd)
    vPortEnterCritical                       0x08003929   Thumb Code    76  port.o(i.vPortEnterCritical)
    vPortExitCritical                        0x0800397d   Thumb Code    56  port.o(i.vPortExitCritical)
    vPortFree                                0x080039b9   Thumb Code   140  heap_4.o(i.vPortFree)
    vPortSetupTimerInterrupt                 0x08003a4d   Thumb Code    36  port.o(i.vPortSetupTimerInterrupt)
    vPortValidateInterruptPriority           0x08003a75   Thumb Code   106  port.o(i.vPortValidateInterruptPriority)
    vPrintString                             0x08003aed   Thumb Code    32  nested_interrupt.o(i.vPrintString)
    vPrintTask                               0x08003b11   Thumb Code    32  nested_interrupt.o(i.vPrintTask)
    vQueueWaitForMessageRestricted           0x08003b39   Thumb Code    74  queue.o(i.vQueueWaitForMessageRestricted)
    vTaskInternalSetTimeOutState             0x08003b85   Thumb Code    14  tasks.o(i.vTaskInternalSetTimeOutState)
    vTaskMissedYield                         0x08003b9d   Thumb Code     8  tasks.o(i.vTaskMissedYield)
    vTaskPlaceOnEventList                    0x08003ba9   Thumb Code    52  tasks.o(i.vTaskPlaceOnEventList)
    vTaskPlaceOnEventListRestricted          0x08003be1   Thumb Code    60  tasks.o(i.vTaskPlaceOnEventListRestricted)
    vTaskStartScheduler                      0x08003c21   Thumb Code   118  tasks.o(i.vTaskStartScheduler)
    vTaskSuspendAll                          0x08003cb5   Thumb Code    12  tasks.o(i.vTaskSuspendAll)
    vTaskSwitchContext                       0x08003cc5   Thumb Code   118  tasks.o(i.vTaskSwitchContext)
    xPortStartScheduler                      0x08003d51   Thumb Code   330  port.o(i.xPortStartScheduler)
    xQueueGenericCreate                      0x08003eb9   Thumb Code    90  queue.o(i.xQueueGenericCreate)
    xQueueGenericReset                       0x08003f15   Thumb Code   146  queue.o(i.xQueueGenericReset)
    xQueueGenericSend                        0x08003fad   Thumb Code   468  queue.o(i.xQueueGenericSend)
    xQueueGenericSendFromISR                 0x08004185   Thumb Code   264  queue.o(i.xQueueGenericSendFromISR)
    xQueueReceive                            0x0800428d   Thumb Code   356  queue.o(i.xQueueReceive)
    xTaskCheckForTimeOut                     0x080043f5   Thumb Code   132  tasks.o(i.xTaskCheckForTimeOut)
    xTaskCreate                              0x08004481   Thumb Code    96  tasks.o(i.xTaskCreate)
    xTaskGetSchedulerState                   0x080044e1   Thumb Code    24  tasks.o(i.xTaskGetSchedulerState)
    xTaskGetTickCount                        0x08004501   Thumb Code     6  tasks.o(i.xTaskGetTickCount)
    xTaskIncrementTick                       0x0800450d   Thumb Code   256  tasks.o(i.xTaskIncrementTick)
    xTaskPriorityDisinherit                  0x08004639   Thumb Code   188  tasks.o(i.xTaskPriorityDisinherit)
    xTaskRemoveFromEventList                 0x08004701   Thumb Code   128  tasks.o(i.xTaskRemoveFromEventList)
    xTaskResumeAll                           0x08004799   Thumb Code   224  tasks.o(i.xTaskResumeAll)
    xTimerCreateTimerTask                    0x0800489d   Thumb Code    66  timers.o(i.xTimerCreateTimerTask)
    xTimerGenericCommand                     0x080048f5   Thumb Code   126  timers.o(i.xTimerGenericCommand)
    _get_lc_numeric                          0x08004979   Thumb Code    44  lc_numeric_c.o(locale$$code)
    _get_lc_ctype                            0x080049a5   Thumb Code    44  lc_ctype_c.o(locale$$code)
    _fp_init                                 0x080049d1   Thumb Code    10  fpinit.o(x$fpl$fpinit)
    __fplib_config_fpu_vfp                   0x080049d9   Thumb Code     0  fpinit.o(x$fpl$fpinit)
    __fplib_config_pureend_doubles           0x080049d9   Thumb Code     0  fpinit.o(x$fpl$fpinit)
    _printf_fp_dec                           0x080049db   Thumb Code     4  printf1.o(x$fpl$printf1)
    _printf_fp_hex                           0x080049df   Thumb Code     4  printf2.o(x$fpl$printf2)
    __I$use$fp                               0x080049e2   Number         0  usenofp.o(x$fpl$usenofp)
    __stdin_name                             0x080049e2   Data           7  retarget_io.o(.constdata)
    __stdout_name                            0x080049e9   Data           8  retarget_io.o(.constdata)
    __stderr_name                            0x080049f1   Data           8  retarget_io.o(.constdata)
    Region$$Table$$Base                      0x08004af8   Number         0  anon$$obj.o(Region$$Table)
    Region$$Table$$Limit                     0x08004b18   Number         0  anon$$obj.o(Region$$Table)
    __ctype                                  0x08004b41   Data           0  lc_ctype_c.o(locale$$data)
    xQueue                                   0x20000000   Data           4  nested_interrupt.o(.data)
    SystemCoreClock                          0x20000004   Data           4  system_stm32f4xx.o(.data)
    pxCurrentTCB                             0x2000002c   Data           4  tasks.o(.data)
    __aeabi_stdin                            0x2000007c   Data           4  stdio_streams.o(.data)
    __aeabi_stdout                           0x20000080   Data           4  stdio_streams.o(.data)
    __aeabi_stderr                           0x20000084   Data           4  stdio_streams.o(.data)
    __stdin                                  0x20001178   Data          84  stdio_streams.o(.bss)
    __stdout                                 0x200011cc   Data          84  stdio_streams.o(.bss)
    __stderr                                 0x20001220   Data          84  stdio_streams.o(.bss)
    __libspace_start                         0x20001274   Data          96  libspace.o(.bss)
    __temporary_stack_top$libspace           0x200012d4   Data           0  libspace.o(.bss)



==============================================================================

Memory Map of the image

  Image Entry point : 0x080003b5

  Load Region LR_1 (Base: 0x08000000, Size: 0x00004ccc, Max: 0xffffffff, ABSOLUTE)

    Execution Region ER_RO (Exec base: 0x08000000, Load base: 0x08000000, Size: 0x00004c44, Max: 0xffffffff, ABSOLUTE)

    Exec Addr    Load Addr    Size         Type   Attr      Idx    E Section Name        Object

    0x08000000   0x08000000   0x00000198   Data   RO          284    RESET               startup_stm32f411xe.o
    0x08000198   0x08000198   0x00000008   Code   RO         1440  * !!!main             c_w.l(__main.o)
    0x080001a0   0x080001a0   0x00000034   Code   RO         1900    !!!scatter          c_w.l(__scatter.o)
    0x080001d4   0x080001d4   0x0000001a   Code   RO         1902    !!handler_copy      c_w.l(__scatter_copy.o)
    0x080001ee   0x080001ee   0x00000002   PAD
    0x080001f0   0x080001f0   0x0000001c   Code   RO         1904    !!handler_zi        c_w.l(__scatter_zi.o)
    0x0800020c   0x0800020c   0x00000000   Code   RO         1417    .ARM.Collect$$_printf_percent$$00000000  c_w.l(_printf_percent.o)
    0x0800020c   0x0800020c   0x00000006   Code   RO         1492    .ARM.Collect$$_printf_percent$$00000001  c_w.l(_printf_n.o)
    0x08000212   0x08000212   0x00000006   Code   RO         1494    .ARM.Collect$$_printf_percent$$00000002  c_w.l(_printf_p.o)
    0x08000218   0x08000218   0x00000006   Code   RO         1498    .ARM.Collect$$_printf_percent$$00000003  c_w.l(_printf_f.o)
    0x0800021e   0x0800021e   0x00000006   Code   RO         1499    .ARM.Collect$$_printf_percent$$00000004  c_w.l(_printf_e.o)
    0x08000224   0x08000224   0x00000006   Code   RO         1500    .ARM.Collect$$_printf_percent$$00000005  c_w.l(_printf_g.o)
    0x0800022a   0x0800022a   0x00000006   Code   RO         1501    .ARM.Collect$$_printf_percent$$00000006  c_w.l(_printf_a.o)
    0x08000230   0x08000230   0x0000000a   Code   RO         1506    .ARM.Collect$$_printf_percent$$00000007  c_w.l(_printf_ll.o)
    0x0800023a   0x0800023a   0x00000006   Code   RO         1496    .ARM.Collect$$_printf_percent$$00000008  c_w.l(_printf_i.o)
    0x08000240   0x08000240   0x00000006   Code   RO         1497    .ARM.Collect$$_printf_percent$$00000009  c_w.l(_printf_d.o)
    0x08000246   0x08000246   0x00000006   Code   RO         1416    .ARM.Collect$$_printf_percent$$0000000A  c_w.l(_printf_u.o)
    0x0800024c   0x0800024c   0x00000006   Code   RO         1495    .ARM.Collect$$_printf_percent$$0000000B  c_w.l(_printf_o.o)
    0x08000252   0x08000252   0x00000006   Code   RO         1493    .ARM.Collect$$_printf_percent$$0000000C  c_w.l(_printf_x.o)
    0x08000258   0x08000258   0x00000006   Code   RO         1503    .ARM.Collect$$_printf_percent$$0000000D  c_w.l(_printf_lli.o)
    0x0800025e   0x0800025e   0x00000006   Code   RO         1504    .ARM.Collect$$_printf_percent$$0000000E  c_w.l(_printf_lld.o)
    0x08000264   0x08000264   0x00000006   Code   RO         1505    .ARM.Collect$$_printf_percent$$0000000F  c_w.l(_printf_llu.o)
    0x0800026a   0x0800026a   0x00000006   Code   RO         1510    .ARM.Collect$$_printf_percent$$00000010  c_w.l(_printf_llo.o)
    0x08000270   0x08000270   0x00000006   Code   RO         1511    .ARM.Collect$$_printf_percent$$00000011  c_w.l(_printf_llx.o)
    0x08000276   0x08000276   0x0000000a   Code   RO         1507    .ARM.Collect$$_printf_percent$$00000012  c_w.l(_printf_l.o)
    0x08000280   0x08000280   0x00000006   Code   RO         1415    .ARM.Collect$$_printf_percent$$00000013  c_w.l(_printf_c.o)
    0x08000286   0x08000286   0x00000006   Code   RO         1491    .ARM.Collect$$_printf_percent$$00000014  c_w.l(_printf_s.o)
    0x0800028c   0x0800028c   0x00000006   Code   RO         1508    .ARM.Collect$$_printf_percent$$00000015  c_w.l(_printf_lc.o)
    0x08000292   0x08000292   0x00000006   Code   RO         1509    .ARM.Collect$$_printf_percent$$00000016  c_w.l(_printf_ls.o)
    0x08000298   0x08000298   0x00000004   Code   RO         1502    .ARM.Collect$$_printf_percent$$00000017  c_w.l(_printf_percent_end.o)
    0x0800029c   0x0800029c   0x00000002   Code   RO         1796    .ARM.Collect$$libinit$$00000000  c_w.l(libinit.o)
    0x0800029e   0x0800029e   0x00000004   Code   RO         1647    .ARM.Collect$$libinit$$00000001  c_w.l(libinit2.o)
    0x080002a2   0x080002a2   0x00000000   Code   RO         1650    .ARM.Collect$$libinit$$00000004  c_w.l(libinit2.o)
    0x080002a2   0x080002a2   0x00000008   Code   RO         1651    .ARM.Collect$$libinit$$00000005  c_w.l(libinit2.o)
    0x080002aa   0x080002aa   0x00000000   Code   RO         1653    .ARM.Collect$$libinit$$0000000A  c_w.l(libinit2.o)
    0x080002aa   0x080002aa   0x00000000   Code   RO         1655    .ARM.Collect$$libinit$$0000000C  c_w.l(libinit2.o)
    0x080002aa   0x080002aa   0x00000000   Code   RO         1657    .ARM.Collect$$libinit$$0000000E  c_w.l(libinit2.o)
    0x080002aa   0x080002aa   0x00000006   Code   RO         1658    .ARM.Collect$$libinit$$0000000F  c_w.l(libinit2.o)
    0x080002b0   0x080002b0   0x00000000   Code   RO         1660    .ARM.Collect$$libinit$$00000011  c_w.l(libinit2.o)
    0x080002b0   0x080002b0   0x0000000c   Code   RO         1661    .ARM.Collect$$libinit$$00000012  c_w.l(libinit2.o)
    0x080002bc   0x080002bc   0x00000000   Code   RO         1662    .ARM.Collect$$libinit$$00000013  c_w.l(libinit2.o)
    0x080002bc   0x080002bc   0x00000000   Code   RO         1664    .ARM.Collect$$libinit$$00000015  c_w.l(libinit2.o)
    0x080002bc   0x080002bc   0x0000000a   Code   RO         1665    .ARM.Collect$$libinit$$00000016  c_w.l(libinit2.o)
    0x080002c6   0x080002c6   0x00000000   Code   RO         1666    .ARM.Collect$$libinit$$00000017  c_w.l(libinit2.o)
    0x080002c6   0x080002c6   0x00000000   Code   RO         1668    .ARM.Collect$$libinit$$00000019  c_w.l(libinit2.o)
    0x080002c6   0x080002c6   0x00000000   Code   RO         1670    .ARM.Collect$$libinit$$0000001B  c_w.l(libinit2.o)
    0x080002c6   0x080002c6   0x00000000   Code   RO         1672    .ARM.Collect$$libinit$$0000001D  c_w.l(libinit2.o)
    0x080002c6   0x080002c6   0x00000000   Code   RO         1674    .ARM.Collect$$libinit$$0000001F  c_w.l(libinit2.o)
    0x080002c6   0x080002c6   0x00000000   Code   RO         1676    .ARM.Collect$$libinit$$00000021  c_w.l(libinit2.o)
    0x080002c6   0x080002c6   0x00000000   Code   RO         1678    .ARM.Collect$$libinit$$00000023  c_w.l(libinit2.o)
    0x080002c6   0x080002c6   0x00000004   Code   RO         1679    .ARM.Collect$$libinit$$00000024  c_w.l(libinit2.o)
    0x080002ca   0x080002ca   0x00000000   Code   RO         1680    .ARM.Collect$$libinit$$00000025  c_w.l(libinit2.o)
    0x080002ca   0x080002ca   0x00000000   Code   RO         1684    .ARM.Collect$$libinit$$0000002C  c_w.l(libinit2.o)
    0x080002ca   0x080002ca   0x00000000   Code   RO         1686    .ARM.Collect$$libinit$$0000002E  c_w.l(libinit2.o)
    0x080002ca   0x080002ca   0x00000000   Code   RO         1688    .ARM.Collect$$libinit$$00000030  c_w.l(libinit2.o)
    0x080002ca   0x080002ca   0x00000000   Code   RO         1690    .ARM.Collect$$libinit$$00000032  c_w.l(libinit2.o)
    0x080002ca   0x080002ca   0x00000002   Code   RO         1691    .ARM.Collect$$libinit$$00000033  c_w.l(libinit2.o)
    0x080002cc   0x080002cc   0x00000002   Code   RO         1897    .ARM.Collect$$libshutdown$$00000000  c_w.l(libshutdown.o)
    0x080002ce   0x080002ce   0x00000000   Code   RO         1693    .ARM.Collect$$libshutdown$$00000002  c_w.l(libshutdown2.o)
    0x080002ce   0x080002ce   0x00000004   Code   RO         1694    .ARM.Collect$$libshutdown$$00000003  c_w.l(libshutdown2.o)
    0x080002d2   0x080002d2   0x00000000   Code   RO         1695    .ARM.Collect$$libshutdown$$00000004  c_w.l(libshutdown2.o)
    0x080002d2   0x080002d2   0x00000000   Code   RO         1698    .ARM.Collect$$libshutdown$$00000007  c_w.l(libshutdown2.o)
    0x080002d2   0x080002d2   0x00000000   Code   RO         1701    .ARM.Collect$$libshutdown$$0000000A  c_w.l(libshutdown2.o)
    0x080002d2   0x080002d2   0x00000000   Code   RO         1703    .ARM.Collect$$libshutdown$$0000000C  c_w.l(libshutdown2.o)
    0x080002d2   0x080002d2   0x00000000   Code   RO         1706    .ARM.Collect$$libshutdown$$0000000F  c_w.l(libshutdown2.o)
    0x080002d2   0x080002d2   0x00000002   Code   RO         1707    .ARM.Collect$$libshutdown$$00000010  c_w.l(libshutdown2.o)
    0x080002d4   0x080002d4   0x00000000   Code   RO         1442    .ARM.Collect$$rtentry$$00000000  c_w.l(__rtentry.o)
    0x080002d4   0x080002d4   0x00000000   Code   RO         1536    .ARM.Collect$$rtentry$$00000002  c_w.l(__rtentry2.o)
    0x080002d4   0x080002d4   0x00000006   Code   RO         1548    .ARM.Collect$$rtentry$$00000004  c_w.l(__rtentry4.o)
    0x080002da   0x080002da   0x00000000   Code   RO         1538    .ARM.Collect$$rtentry$$00000009  c_w.l(__rtentry2.o)
    0x080002da   0x080002da   0x00000004   Code   RO         1539    .ARM.Collect$$rtentry$$0000000A  c_w.l(__rtentry2.o)
    0x080002de   0x080002de   0x00000000   Code   RO         1541    .ARM.Collect$$rtentry$$0000000C  c_w.l(__rtentry2.o)
    0x080002de   0x080002de   0x00000008   Code   RO         1542    .ARM.Collect$$rtentry$$0000000D  c_w.l(__rtentry2.o)
    0x080002e6   0x080002e6   0x00000002   Code   RO         1811    .ARM.Collect$$rtexit$$00000000  c_w.l(rtexit.o)
    0x080002e8   0x080002e8   0x00000000   Code   RO         1859    .ARM.Collect$$rtexit$$00000002  c_w.l(rtexit2.o)
    0x080002e8   0x080002e8   0x00000004   Code   RO         1860    .ARM.Collect$$rtexit$$00000003  c_w.l(rtexit2.o)
    0x080002ec   0x080002ec   0x00000006   Code   RO         1861    .ARM.Collect$$rtexit$$00000004  c_w.l(rtexit2.o)
    0x080002f2   0x080002f2   0x00000002   PAD
    0x080002f4   0x080002f4   0x000000be   Code   RO          557    .emb_text           port.o
    0x080003b2   0x080003b2   0x00000002   PAD
    0x080003b4   0x080003b4   0x00000000   Code   RO         1813    .emb_text           c_w.l(maybetermalloc1.o)
    0x080003b4   0x080003b4   0x00000040   Code   RO          285  * .text               startup_stm32f411xe.o
    0x080003f4   0x080003f4   0x0000000c   Code   RO         1383    .text               c_w.l(vprintf.o)
    0x08000400   0x08000400   0x00000052   Code   RO         1391    .text               c_w.l(_printf_str.o)
    0x08000452   0x08000452   0x00000002   PAD
    0x08000454   0x08000454   0x00000078   Code   RO         1393    .text               c_w.l(_printf_dec.o)
    0x080004cc   0x080004cc   0x00000188   Code   RO         1412    .text               c_w.l(__printf_flags_ss_wp.o)
    0x08000654   0x08000654   0x00000064   Code   RO         1418    .text               c_w.l(fflush.o)
    0x080006b8   0x080006b8   0x0000008a   Code   RO         1432    .text               c_w.l(rt_memcpy_v6.o)
    0x08000742   0x08000742   0x00000010   Code   RO         1434    .text               c_w.l(aeabi_memset.o)
    0x08000752   0x08000752   0x00000002   PAD
    0x08000754   0x08000754   0x00000080   Code   RO         1436    .text               c_w.l(strcmpv7m.o)
    0x080007d4   0x080007d4   0x00000006   Code   RO         1438    .text               c_w.l(heapauxi.o)
    0x080007da   0x080007da   0x0000004e   Code   RO         1443    .text               c_w.l(_printf_pad.o)
    0x08000828   0x08000828   0x00000024   Code   RO         1445    .text               c_w.l(_printf_truncate.o)
    0x0800084c   0x0800084c   0x000000b2   Code   RO         1447    .text               c_w.l(_printf_intcommon.o)
    0x080008fe   0x080008fe   0x00000028   Code   RO         1449    .text               c_w.l(_printf_charcount.o)
    0x08000926   0x08000926   0x00000002   PAD
    0x08000928   0x08000928   0x00000030   Code   RO         1451    .text               c_w.l(_printf_char_common.o)
    0x08000958   0x08000958   0x0000002c   Code   RO         1455    .text               c_w.l(_printf_char.o)
    0x08000984   0x08000984   0x00000024   Code   RO         1457    .text               c_w.l(_printf_char_file.o)
    0x080009a8   0x080009a8   0x000000bc   Code   RO         1459    .text               c_w.l(_printf_wctomb.o)
    0x08000a64   0x08000a64   0x0000007c   Code   RO         1462    .text               c_w.l(_printf_longlong_dec.o)
    0x08000ae0   0x08000ae0   0x00000070   Code   RO         1468    .text               c_w.l(_printf_oct_int_ll.o)
    0x08000b50   0x08000b50   0x00000094   Code   RO         1488    .text               c_w.l(_printf_hex_int_ll_ptr.o)
    0x08000be4   0x08000be4   0x000000f8   Code   RO         1512    .text               c_w.l(fseek.o)
    0x08000cdc   0x08000cdc   0x000000f0   Code   RO         1514    .text               c_w.l(stdio.o)
    0x08000dcc   0x08000dcc   0x00000138   Code   RO         1517    .text               c_w.l(initio.o)
    0x08000f04   0x08000f04   0x00000064   Code   RO         1521    .text               c_w.l(rt_memcpy_w.o)
    0x08000f68   0x08000f68   0x00000044   Code   RO         1523    .text               c_w.l(rt_memclr.o)
    0x08000fac   0x08000fac   0x0000004e   Code   RO         1552    .text               c_w.l(h1_free.o)
    0x08000ffa   0x08000ffa   0x0000008a   Code   RO         1606    .text               c_w.l(lludiv10.o)
    0x08001084   0x08001084   0x0000041e   Code   RO         1608    .text               c_w.l(_printf_fp_dec.o)
    0x080014a2   0x080014a2   0x00000002   PAD
    0x080014a4   0x080014a4   0x000002fc   Code   RO         1610    .text               c_w.l(_printf_fp_hex.o)
    0x080017a0   0x080017a0   0x0000002c   Code   RO         1615    .text               c_w.l(_printf_wchar.o)
    0x080017cc   0x080017cc   0x00000008   Code   RO         1617    .text               c_w.l(ferror.o)
    0x080017d4   0x080017d4   0x00000042   Code   RO         1623    .text               c_w.l(ftell.o)
    0x08001816   0x08001816   0x00000046   Code   RO         1625    .text               c_w.l(setvbuf.o)
    0x0800185c   0x0800185c   0x000000ec   Code   RO         1627    .text               c_w.l(fopen.o)
    0x08001948   0x08001948   0x0000004c   Code   RO         1629    .text               c_w.l(fclose.o)
    0x08001994   0x08001994   0x00000040   Code   RO         1639    .text               c_w.l(_wcrtomb.o)
    0x080019d4   0x080019d4   0x0000000e   Code   RO         1641    .text               c_w.l(defsig_rtred_outer.o)
    0x080019e2   0x080019e2   0x0000004e   Code   RO         1645    .text               c_w.l(rt_memclr_w.o)
    0x08001a30   0x08001a30   0x0000004a   Code   RO         1708    .text               c_w.l(sys_stackheap_outer.o)
    0x08001a7a   0x08001a7a   0x00000002   PAD
    0x08001a7c   0x08001a7c   0x00000010   Code   RO         1710    .text               c_w.l(rt_ctype_table.o)
    0x08001a8c   0x08001a8c   0x00000008   Code   RO         1717    .text               c_w.l(rt_heap_descriptor_intlibspace.o)
    0x08001a94   0x08001a94   0x00000008   Code   RO         1722    .text               c_w.l(rt_locale_intlibspace.o)
    0x08001a9c   0x08001a9c   0x00000008   Code   RO         1727    .text               c_w.l(rt_errno_addr_intlibspace.o)
    0x08001aa4   0x08001aa4   0x00000004   Code   RO         1729    .text               c_w.l(hguard.o)
    0x08001aa8   0x08001aa8   0x0000008a   Code   RO         1731    .text               c_w.l(init_alloc.o)
    0x08001b32   0x08001b32   0x0000005e   Code   RO         1737    .text               c_w.l(h1_alloc.o)
    0x08001b90   0x08001b90   0x00000080   Code   RO         1751    .text               c_w.l(_printf_fp_infnan.o)
    0x08001c10   0x08001c10   0x000000e4   Code   RO         1753    .text               c_w.l(bigflt0.o)
    0x08001cf4   0x08001cf4   0x000001d6   Code   RO         1778    .text               c_w.l(flsbuf.o)
    0x08001eca   0x08001eca   0x00000012   Code   RO         1783    .text               c_w.l(exit.o)
    0x08001edc   0x08001edc   0x0000000a   Code   RO         1785    .text               c_w.l(defsig_exit.o)
    0x08001ee6   0x08001ee6   0x00000002   PAD
    0x08001ee8   0x08001ee8   0x00000034   Code   RO         1787    .text               c_w.l(defsig_rtred_inner.o)
    0x08001f1c   0x08001f1c   0x0000000c   Code   RO         1806    .text               c_w.l(sys_exit.o)
    0x08001f28   0x08001f28   0x00000008   Code   RO         1808    .text               c_w.l(libspace.o)
    0x08001f30   0x08001f30   0x0000000e   Code   RO         1815    .text               c_w.l(h1_init.o)
    0x08001f3e   0x08001f3e   0x00000034   Code   RO         1817    .text               c_w.l(h1_extend.o)
    0x08001f72   0x08001f72   0x00000032   Code   RO         1834    .text               c_w.l(defsig_general.o)
    0x08001fa4   0x08001fa4   0x0000000e   Code   RO         1836    .text               c_w.l(defsig_rtmem_outer.o)
    0x08001fb2   0x08001fb2   0x0000000e   Code   RO         1851    .text               c_w.l(sys_wrch.o)
    0x08001fc0   0x08001fc0   0x00000002   Code   RO         1855    .text               c_w.l(use_no_semi.o)
    0x08001fc2   0x08001fc2   0x00000000   Code   RO         1857    .text               c_w.l(indicate_semi.o)
    0x08001fc2   0x08001fc2   0x00000002   PAD
    0x08001fc4   0x08001fc4   0x00000050   Code   RO         1873    .text               c_w.l(defsig_rtmem_inner.o)
    0x08002014   0x08002014   0x0000003e   Code   RO         1756    CL$$btod_d2e        c_w.l(btod.o)
    0x08002052   0x08002052   0x00000046   Code   RO         1758    CL$$btod_d2e_denorm_low  c_w.l(btod.o)
    0x08002098   0x08002098   0x00000060   Code   RO         1757    CL$$btod_d2e_norm_op1  c_w.l(btod.o)
    0x080020f8   0x080020f8   0x00000338   Code   RO         1766    CL$$btod_div_common  c_w.l(btod.o)
    0x08002430   0x08002430   0x000000dc   Code   RO         1763    CL$$btod_e2e        c_w.l(btod.o)
    0x0800250c   0x0800250c   0x0000002a   Code   RO         1760    CL$$btod_ediv       c_w.l(btod.o)
    0x08002536   0x08002536   0x0000002a   Code   RO         1759    CL$$btod_emul       c_w.l(btod.o)
    0x08002560   0x08002560   0x00000244   Code   RO         1765    CL$$btod_mult_common  c_w.l(btod.o)
    0x080027a4   0x080027a4   0x00000078   Code   RO          105    i.EXTI0_IRQHandler  nested_interrupt.o
    0x0800281c   0x0800281c   0x00000094   Code   RO          106    i.EXTI15_10_IRQHandler  nested_interrupt.o
    0x080028b0   0x080028b0   0x00000030   Code   RO          198    i.ITM_SendChar      retarget_io.o
    0x080028e0   0x080028e0   0x00000034   Code   RO          558    i.OS_SysTick_Handler  port.o
    0x08002914   0x08002914   0x00000008   Code   RO            4    i.SysTick_Handler   system.o
    0x0800291c   0x0800291c   0x00000064   Code   RO          293    i.SystemInit        system_stm32f4xx.o
    0x08002980   0x08002980   0x00000030   Code   RO         1804    i.__ARM_fpclassify  m_wm.l(fpclassify.o)
    0x080029b0   0x080029b0   0x0000001a   Code   RO          107    i.__NVIC_EnableIRQ  nested_interrupt.o
    0x080029ca   0x080029ca   0x00000002   PAD
    0x080029cc   0x080029cc   0x00000028   Code   RO          108    i.__NVIC_SetPriority  nested_interrupt.o
    0x080029f4   0x080029f4   0x0000000e   Code   RO         1405    i._is_digit         c_w.l(__printf_wp.o)
    0x08002a02   0x08002a02   0x00000026   Code   RO          199    i._sys_close        retarget_io.o
    0x08002a28   0x08002a28   0x00000024   Code   RO          200    i._sys_flen         retarget_io.o
    0x08002a4c   0x08002a4c   0x00000024   Code   RO          201    i._sys_istty        retarget_io.o
    0x08002a70   0x08002a70   0x00000068   Code   RO          202    i._sys_open         retarget_io.o
    0x08002ad8   0x08002ad8   0x0000002c   Code   RO          204    i._sys_seek         retarget_io.o
    0x08002b04   0x08002b04   0x00000046   Code   RO          205    i._sys_write        retarget_io.o
    0x08002b4a   0x08002b4a   0x00000002   PAD
    0x08002b4c   0x08002b4c   0x0000009c   Code   RO          109    i.configureEXTILines  nested_interrupt.o
    0x08002be8   0x08002be8   0x0000001a   Code   RO         1620    i.fputc             c_w.l(fputc.o)
    0x08002c02   0x08002c02   0x00000002   PAD
    0x08002c04   0x08002c04   0x000000bc   Code   RO          110    i.main              nested_interrupt.o
    0x08002cc0   0x08002cc0   0x00000098   Code   RO          864    i.prvAddCurrentTaskToDelayedList  tasks.o
    0x08002d58   0x08002d58   0x000000b8   Code   RO          865    i.prvAddNewTaskToReadyList  tasks.o
    0x08002e10   0x08002e10   0x0000004c   Code   RO         1242    i.prvCheckForValidListAndQueue  timers.o
    0x08002e5c   0x08002e5c   0x00000048   Code   RO          866    i.prvCheckTasksWaitingTermination  tasks.o
    0x08002ea4   0x08002ea4   0x0000002a   Code   RO          634    i.prvCopyDataFromQueue  queue.o
    0x08002ece   0x08002ece   0x0000007e   Code   RO          635    i.prvCopyDataToQueue  queue.o
    0x08002f4c   0x08002f4c   0x00000012   Code   RO          867    i.prvDeleteTCB      tasks.o
    0x08002f5e   0x08002f5e   0x00000002   PAD
    0x08002f60   0x08002f60   0x00000028   Code   RO         1243    i.prvGetNextExpireTime  timers.o
    0x08002f88   0x08002f88   0x0000007c   Code   RO          496    i.prvHeapInit       heap_4.o
    0x08003004   0x08003004   0x0000002c   Code   RO          868    i.prvIdleTask       tasks.o
    0x08003030   0x08003030   0x0000002e   Code   RO          638    i.prvInitialiseNewQueue  queue.o
    0x0800305e   0x0800305e   0x000000be   Code   RO          869    i.prvInitialiseNewTask  tasks.o
    0x0800311c   0x0800311c   0x00000068   Code   RO          870    i.prvInitialiseTaskLists  tasks.o
    0x08003184   0x08003184   0x00000068   Code   RO          497    i.prvInsertBlockIntoFreeList  heap_4.o
    0x080031ec   0x080031ec   0x00000058   Code   RO         1245    i.prvInsertTimerInActiveList  timers.o
    0x08003244   0x08003244   0x0000001a   Code   RO          639    i.prvIsQueueEmpty   queue.o
    0x0800325e   0x0800325e   0x0000001e   Code   RO          640    i.prvIsQueueFull    queue.o
    0x0800327c   0x0800327c   0x00000090   Code   RO          641    i.prvNotifyQueueSetContainer  queue.o
    0x0800330c   0x0800330c   0x00000074   Code   RO         1246    i.prvProcessExpiredTimer  timers.o
    0x08003380   0x08003380   0x00000138   Code   RO         1247    i.prvProcessReceivedCommands  timers.o
    0x080034b8   0x080034b8   0x00000074   Code   RO         1248    i.prvProcessTimerOrBlockTask  timers.o
    0x0800352c   0x0800352c   0x00000034   Code   RO          872    i.prvResetNextTaskUnblockTime  tasks.o
    0x08003560   0x08003560   0x0000002c   Code   RO         1249    i.prvSampleTimeNow  timers.o
    0x0800358c   0x0800358c   0x000000a4   Code   RO         1250    i.prvSwitchTimerLists  timers.o
    0x08003630   0x08003630   0x00000040   Code   RO          559    i.prvTaskExitError  port.o
    0x08003670   0x08003670   0x0000001a   Code   RO         1251    i.prvTimerTask      timers.o
    0x0800368a   0x0800368a   0x00000092   Code   RO          642    i.prvUnlockQueue    queue.o
    0x0800371c   0x0800371c   0x0000013c   Code   RO          498    i.pvPortMalloc      heap_4.o
    0x08003858   0x08003858   0x0000002c   Code   RO          560    i.pxPortInitialiseStack  port.o
    0x08003884   0x08003884   0x0000000c   Code   RO          206    i.stdout_putchar    retarget_io.o
    0x08003890   0x08003890   0x00000028   Code   RO          457    i.uxListRemove      list.o
    0x080038b8   0x080038b8   0x00000002   Code   RO          111    i.vApplicationIdleHook  nested_interrupt.o
    0x080038ba   0x080038ba   0x0000001a   Code   RO          458    i.vListInitialise   list.o
    0x080038d4   0x080038d4   0x00000006   Code   RO          459    i.vListInitialiseItem  list.o
    0x080038da   0x080038da   0x00000034   Code   RO          460    i.vListInsert       list.o
    0x0800390e   0x0800390e   0x00000018   Code   RO          461    i.vListInsertEnd    list.o
    0x08003926   0x08003926   0x00000002   PAD
    0x08003928   0x08003928   0x00000054   Code   RO          562    i.vPortEnterCritical  port.o
    0x0800397c   0x0800397c   0x0000003c   Code   RO          563    i.vPortExitCritical  port.o
    0x080039b8   0x080039b8   0x00000094   Code   RO          499    i.vPortFree         heap_4.o
    0x08003a4c   0x08003a4c   0x00000028   Code   RO          564    i.vPortSetupTimerInterrupt  port.o
    0x08003a74   0x08003a74   0x00000078   Code   RO          565    i.vPortValidateInterruptPriority  port.o
    0x08003aec   0x08003aec   0x00000024   Code   RO          112    i.vPrintString      nested_interrupt.o
    0x08003b10   0x08003b10   0x00000028   Code   RO          113    i.vPrintTask        nested_interrupt.o
    0x08003b38   0x08003b38   0x0000004a   Code   RO          650    i.vQueueWaitForMessageRestricted  queue.o
    0x08003b82   0x08003b82   0x00000002   PAD
    0x08003b84   0x08003b84   0x00000018   Code   RO          890    i.vTaskInternalSetTimeOutState  tasks.o
    0x08003b9c   0x08003b9c   0x0000000c   Code   RO          892    i.vTaskMissedYield  tasks.o
    0x08003ba8   0x08003ba8   0x00000038   Code   RO          894    i.vTaskPlaceOnEventList  tasks.o
    0x08003be0   0x08003be0   0x00000040   Code   RO          895    i.vTaskPlaceOnEventListRestricted  tasks.o
    0x08003c20   0x08003c20   0x00000094   Code   RO          903    i.vTaskStartScheduler  tasks.o
    0x08003cb4   0x08003cb4   0x00000010   Code   RO          905    i.vTaskSuspendAll   tasks.o
    0x08003cc4   0x08003cc4   0x0000008c   Code   RO          906    i.vTaskSwitchContext  tasks.o
    0x08003d50   0x08003d50   0x00000168   Code   RO          566    i.xPortStartScheduler  port.o
    0x08003eb8   0x08003eb8   0x0000005a   Code   RO          655    i.xQueueGenericCreate  queue.o
    0x08003f12   0x08003f12   0x00000002   PAD
    0x08003f14   0x08003f14   0x00000098   Code   RO          656    i.xQueueGenericReset  queue.o
    0x08003fac   0x08003fac   0x000001d8   Code   RO          657    i.xQueueGenericSend  queue.o
    0x08004184   0x08004184   0x00000108   Code   RO          658    i.xQueueGenericSendFromISR  queue.o
    0x0800428c   0x0800428c   0x00000168   Code   RO          665    i.xQueueReceive     queue.o
    0x080043f4   0x080043f4   0x0000008c   Code   RO          907    i.xTaskCheckForTimeOut  tasks.o
    0x08004480   0x08004480   0x00000060   Code   RO          908    i.xTaskCreate       tasks.o
    0x080044e0   0x080044e0   0x00000020   Code   RO          913    i.xTaskGetSchedulerState  tasks.o
    0x08004500   0x08004500   0x0000000c   Code   RO          914    i.xTaskGetTickCount  tasks.o
    0x0800450c   0x0800450c   0x0000012c   Code   RO          916    i.xTaskIncrementTick  tasks.o
    0x08004638   0x08004638   0x000000c8   Code   RO          919    i.xTaskPriorityDisinherit  tasks.o
    0x08004700   0x08004700   0x00000098   Code   RO          921    i.xTaskRemoveFromEventList  tasks.o
    0x08004798   0x08004798   0x00000104   Code   RO          922    i.xTaskResumeAll    tasks.o
    0x0800489c   0x0800489c   0x00000058   Code   RO         1258    i.xTimerCreateTimerTask  timers.o
    0x080048f4   0x080048f4   0x00000084   Code   RO         1259    i.xTimerGenericCommand  timers.o
    0x08004978   0x08004978   0x0000002c   Code   RO         1781    locale$$code        c_w.l(lc_numeric_c.o)
    0x080049a4   0x080049a4   0x0000002c   Code   RO         1830    locale$$code        c_w.l(lc_ctype_c.o)
    0x080049d0   0x080049d0   0x0000000a   Code   RO         1799    x$fpl$fpinit        fz_wm.l(fpinit.o)
    0x080049da   0x080049da   0x00000004   Code   RO         1525    x$fpl$printf1       fz_wm.l(printf1.o)
    0x080049de   0x080049de   0x00000004   Code   RO         1527    x$fpl$printf2       fz_wm.l(printf2.o)
    0x080049e2   0x080049e2   0x00000000   Code   RO         1803    x$fpl$usenofp       fz_wm.l(usenofp.o)
    0x080049e2   0x080049e2   0x00000017   Data   RO          207    .constdata          retarget_io.o
    0x080049f9   0x080049f9   0x00000011   Data   RO         1413    .constdata          c_w.l(__printf_flags_ss_wp.o)
    0x08004a0a   0x08004a0a   0x00000002   PAD
    0x08004a0c   0x08004a0c   0x00000008   Data   RO         1460    .constdata          c_w.l(_printf_wctomb.o)
    0x08004a14   0x08004a14   0x00000028   Data   RO         1489    .constdata          c_w.l(_printf_hex_int_ll_ptr.o)
    0x08004a3c   0x08004a3c   0x00000026   Data   RO         1611    .constdata          c_w.l(_printf_fp_hex.o)
    0x08004a62   0x08004a62   0x00000002   PAD
    0x08004a64   0x08004a64   0x00000094   Data   RO         1754    .constdata          c_w.l(bigflt0.o)
    0x08004af8   0x08004af8   0x00000020   Data   RO         1898    Region$$Table       anon$$obj.o
    0x08004b18   0x08004b18   0x0000001c   Data   RO         1780    locale$$data        c_w.l(lc_numeric_c.o)
    0x08004b34   0x08004b34   0x00000110   Data   RO         1829    locale$$data        c_w.l(lc_ctype_c.o)


    Execution Region ER_RW (Exec base: 0x20000000, Load base: 0x08004c44, Size: 0x00000088, Max: 0xffffffff, ABSOLUTE)

    Exec Addr    Load Addr    Size         Type   Attr      Idx    E Section Name        Object

    0x20000000   0x08004c44   0x00000004   Data   RW          114    .data               nested_interrupt.o
    0x20000004   0x08004c48   0x00000004   Data   RW          295    .data               system_stm32f4xx.o
    0x20000008   0x08004c4c   0x00000018   Data   RW          504    .data               heap_4.o
    0x20000020   0x08004c64   0x0000000c   Data   RW          567    .data               port.o
    0x2000002c   0x08004c70   0x0000003c   Data   RW          925    .data               tasks.o
    0x20000068   0x08004cac   0x00000014   Data   RW         1265    .data               timers.o
    0x2000007c   0x08004cc0   0x00000004   Data   RW         1423    .data               c_w.l(stdio_streams.o)
    0x20000080   0x08004cc4   0x00000004   Data   RW         1424    .data               c_w.l(stdio_streams.o)
    0x20000084   0x08004cc8   0x00000004   Data   RW         1425    .data               c_w.l(stdio_streams.o)


    Execution Region ER_ZI (Exec base: 0x20000088, Load base: 0x08004ccc, Size: 0x00001850, Max: 0xffffffff, ABSOLUTE)

    Exec Addr    Load Addr    Size         Type   Attr      Idx    E Section Name        Object

    0x20000088        -       0x00001000   Zero   RW          503    .bss                heap_4.o
    0x20001088        -       0x000000c8   Zero   RW          924    .bss                tasks.o
    0x20001150        -       0x00000028   Zero   RW         1264    .bss                timers.o
    0x20001178        -       0x00000054   Zero   RW         1420    .bss                c_w.l(stdio_streams.o)
    0x200011cc        -       0x00000054   Zero   RW         1421    .bss                c_w.l(stdio_streams.o)
    0x20001220        -       0x00000054   Zero   RW         1422    .bss                c_w.l(stdio_streams.o)
    0x20001274        -       0x00000060   Zero   RW         1809    .bss                c_w.l(libspace.o)
    0x200012d4   0x08004ccc   0x00000004   PAD
    0x200012d8        -       0x00000200   Zero   RW          283    HEAP                startup_stm32f411xe.o
    0x200014d8        -       0x00000400   Zero   RW          282    STACK               startup_stm32f411xe.o


==============================================================================

Image component sizes


      Code (inc. data)   RO Data    RW Data    ZI Data      Debug   Object Name

         0          0          0          0          0       9716   event_groups.o
       692         62          0         24       4096      12883   heap_4.o
       148          0          0          0          0       3418   list.o
       756        226          0          4          0      38233   nested_interrupt.o
      1014         92          0         12          0      11868   port.o
      1972         14          0          0          0      16523   queue.o
       388         30         23          0          0       6798   retarget_io.o
        64         26        408          0       1536        892   startup_stm32f411xe.o
         8          0          0          0          0     319730   system.o
       100         18          0          4          0       1435   system_stm32f4xx.o
      2468        336          0         60        200      24297   tasks.o
      1202        108          0         20         40      12583   timers.o

    ----------------------------------------------------------------------
      8826        912        463        124       5872     458376   Object Totals
         0          0         32          0          0          0   (incl. Generated)
        14          0          0          0          0          0   (incl. Padding)

    ----------------------------------------------------------------------

      Code (inc. data)   RO Data    RW Data    ZI Data      Debug   Library Member Name

         8          0          0          0          0         68   __main.o
       392          4         17          0          0         92   __printf_flags_ss_wp.o
        14          0          0          0          0         68   __printf_wp.o
         0          0          0          0          0          0   __rtentry.o
        12          0          0          0          0          0   __rtentry2.o
         6          0          0          0          0          0   __rtentry4.o
        52          8          0          0          0          0   __scatter.o
        26          0          0          0          0          0   __scatter_copy.o
        28          0          0          0          0          0   __scatter_zi.o
         6          0          0          0          0          0   _printf_a.o
         6          0          0          0          0          0   _printf_c.o
        44          0          0          0          0        108   _printf_char.o
        48          6          0          0          0         96   _printf_char_common.o
        36          4          0          0          0         80   _printf_char_file.o
        40          0          0          0          0         68   _printf_charcount.o
         6          0          0          0          0          0   _printf_d.o
       120         16          0          0          0         92   _printf_dec.o
         6          0          0          0          0          0   _printf_e.o
         6          0          0          0          0          0   _printf_f.o
      1054          0          0          0          0        216   _printf_fp_dec.o
       764          8         38          0          0        100   _printf_fp_hex.o
       128         16          0          0          0         84   _printf_fp_infnan.o
         6          0          0          0          0          0   _printf_g.o
       148          4         40          0          0        160   _printf_hex_int_ll_ptr.o
         6          0          0          0          0          0   _printf_i.o
       178          0          0          0          0         88   _printf_intcommon.o
        10          0          0          0          0          0   _printf_l.o
         6          0          0          0          0          0   _printf_lc.o
        10          0          0          0          0          0   _printf_ll.o
         6          0          0          0          0          0   _printf_lld.o
         6          0          0          0          0          0   _printf_lli.o
         6          0          0          0          0          0   _printf_llo.o
         6          0          0          0          0          0   _printf_llu.o
         6          0          0          0          0          0   _printf_llx.o
       124         16          0          0          0         92   _printf_longlong_dec.o
         6          0          0          0          0          0   _printf_ls.o
         6          0          0          0          0          0   _printf_n.o
         6          0          0          0          0          0   _printf_o.o
       112         10          0          0          0        124   _printf_oct_int_ll.o
         6          0          0          0          0          0   _printf_p.o
        78          0          0          0          0        108   _printf_pad.o
         0          0          0          0          0          0   _printf_percent.o
         4          0          0          0          0          0   _printf_percent_end.o
         6          0          0          0          0          0   _printf_s.o
        82          0          0          0          0         80   _printf_str.o
        36          0          0          0          0         84   _printf_truncate.o
         6          0          0          0          0          0   _printf_u.o
        44          0          0          0          0        108   _printf_wchar.o
       188          6          8          0          0         92   _printf_wctomb.o
         6          0          0          0          0          0   _printf_x.o
        64          0          0          0          0         92   _wcrtomb.o
        16          0          0          0          0         68   aeabi_memset.o
       228          4        148          0          0         96   bigflt0.o
      1936        128          0          0          0        672   btod.o
        10          0          0          0          0         68   defsig_exit.o
        50          0          0          0          0         88   defsig_general.o
        80         58          0          0          0         76   defsig_rtmem_inner.o
        14          0          0          0          0         80   defsig_rtmem_outer.o
        52         38          0          0          0         76   defsig_rtred_inner.o
        14          0          0          0          0         80   defsig_rtred_outer.o
        18          0          0          0          0         80   exit.o
        76          0          0          0          0         88   fclose.o
         8          0          0          0          0         68   ferror.o
       100          4          0          0          0        120   fflush.o
       470          0          0          0          0         88   flsbuf.o
       236          4          0          0          0        128   fopen.o
        26          0          0          0          0         68   fputc.o
       248          6          0          0          0         84   fseek.o
        66          0          0          0          0         76   ftell.o
        94          0          0          0          0         80   h1_alloc.o
        52          0          0          0          0         68   h1_extend.o
        78          0          0          0          0         80   h1_free.o
        14          0          0          0          0         84   h1_init.o
         6          0          0          0          0        152   heapauxi.o
         4          0          0          0          0        136   hguard.o
         0          0          0          0          0          0   indicate_semi.o
       138          0          0          0          0        168   init_alloc.o
       312         46          0          0          0        112   initio.o
        44         10        272          0          0         76   lc_ctype_c.o
        44         10         28          0          0         76   lc_numeric_c.o
         2          0          0          0          0          0   libinit.o
        46          0          0          0          0          0   libinit2.o
         2          0          0          0          0          0   libshutdown.o
         6          0          0          0          0          0   libshutdown2.o
         8          4          0          0         96         68   libspace.o
       138          0          0          0          0         80   lludiv10.o
         0          0          0          0          0          0   maybetermalloc1.o
        16          4          0          0          0         76   rt_ctype_table.o
         8          4          0          0          0         68   rt_errno_addr_intlibspace.o
         8          4          0          0          0         68   rt_heap_descriptor_intlibspace.o
         8          4          0          0          0         68   rt_locale_intlibspace.o
        68          0          0          0          0         68   rt_memclr.o
        78          0          0          0          0         80   rt_memclr_w.o
       138          0          0          0          0         68   rt_memcpy_v6.o
       100          0          0          0          0         80   rt_memcpy_w.o
         2          0          0          0          0          0   rtexit.o
        10          0          0          0          0          0   rtexit2.o
        70          0          0          0          0         80   setvbuf.o
       240          6          0          0          0        156   stdio.o
         0          0          0         12        252          0   stdio_streams.o
       128          0          0          0          0         68   strcmpv7m.o
        12          4          0          0          0         68   sys_exit.o
        74          0          0          0          0         80   sys_stackheap_outer.o
        14          0          0          0          0         76   sys_wrch.o
         2          0          0          0          0         68   use_no_semi.o
        12          4          0          0          0         68   vprintf.o
        10          0          0          0          0        116   fpinit.o
         4          0          0          0          0        116   printf1.o
         4          0          0          0          0        116   printf2.o
         0          0          0          0          0          0   usenofp.o
        48          0          0          0          0        124   fpclassify.o

    ----------------------------------------------------------------------
      9680        440        555         12        352       7096   Library Totals
        20          0          4          0          4          0   (incl. Padding)

    ----------------------------------------------------------------------

      Code (inc. data)   RO Data    RW Data    ZI Data      Debug   Library Name

      9594        440        551         12        348       6624   c_w.l
        18          0          0          0          0        348   fz_wm.l
        48          0          0          0          0        124   m_wm.l

    ----------------------------------------------------------------------
      9680        440        555         12        352       7096   Library Totals

    ----------------------------------------------------------------------

==============================================================================


      Code (inc. data)   RO Data    RW Data    ZI Data      Debug   

     18506       1352       1018        136       6224     453528   Grand Totals
     18506       1352       1018        136       6224     453528   ELF Image Totals
     18506       1352       1018        136          0          0   ROM Totals

==============================================================================

    Total RO  Size (Code + RO Data)                19524 (  19.07kB)
    Total RW  Size (RW Data + ZI Data)              6360 (   6.21kB)
    Total ROM Size (Code + RO Data + RW Data)      19660 (  19.20kB)

==============================================================================

